Microchip MPLAB XC8 Compiler V1.44 ()

Linker command line:

--edf=C:\Program Files\Microchip\xc8\v1.44\dat\en_msgs.txt -cs \
  -h+dist/default/production\18fsd.X.production.sym \
  --cmf=dist/default/production\18fsd.X.production.cmf -z -Q18F45K22 \
  -oC:\Users\admin\AppData\Local\Temp\so8o.2 \
  -Mdist/default/production/18fsd.X.production.map -E1 -ver=XC8 \
  -ASTACK=0276h-05ffh -pstack=STACK -ACODE=00h-07FFFh -ACONST=00h-07FFFh \
  -ASMALLCONST=0600h-06FFhx122 -AMEDIUMCONST=0600h-07FFFh -ACOMRAM=01h-05Fh \
  -AABS1=00h-05FFh -ABIGRAM=01h-05FFh -ARAM=060h-0FFh,0100h-01FFhx5 \
  -ABANK0=060h-0FFh -ABANK1=0100h-01FFh -ABANK2=0200h-02FFh \
  -ABANK3=0300h-03FFh -ABANK4=0400h-04FFh -ABANK5=0500h-05FFh \
  -ASFR=0F38h-0F5Fh,0F60h-0FFFh \
  -preset_vec=00h,intcode,intcodelo,powerup,init -pramtop=0600h \
  -psmallconst=SMALLCONST -pmediumconst=MEDIUMCONST -pconst=CONST \
  -AFARRAM=00h-00h -ACONFIG=0300000h-030000Dh -pconfig=CONFIG \
  -AIDLOC=0200000h-0200007h -pidloc=IDLOC -AEEDATA=0F00000h-0F000FFh \
  -peeprom_data=EEDATA \
  -prdata=COMRAM,nvrram=COMRAM,nvbit=COMRAM,rbss=COMRAM,rbit=COMRAM \
  -pfarbss=FARRAM,fardata=FARRAM,nvFARRAM=FARRAM \
  -pintsave_regs=BIGRAM,bigbss=BIGRAM,bigdata=BIGRAM -pbss=RAM \
  -pidata=CODE,irdata=CODE,ibigdata=CODE,ifardata=CODE -prparam=COMRAM \
  C:\Users\admin\AppData\Local\Temp\so8o.obj \
  dist/default/production\18fsd.X.production.obj 

Object code version is 3.11

Machine type is 18F45K22

Call graph: (short form)




                Name                               Link     Load   Length Selector   Space Scale
C:\Users\admin\AppData\Local\Temp\so8o.obj
                init                                  0        0        4        0       0
                idloc                            200000   200000        8   200000       0
                config                           300000   300000        E   300000       0
dist/default/production\18fsd.X.production.obj
                mediumconst                        7DEA     7DEA      216     3EF5       0
                text28                             6BD0     6BD0       10     35E8       0
                text27                             6CAC     6CAC       3A     3656       0
                text26                             6C7E     6C7E       2E     363F       0
                text25                             6C52     6C52       2C     3629       0
                text24                             6BC4     6BC4        C     35E2       0
                text23                             6DFE     6DFE       52     36FF       0
                text22                             7560     7560      132     3AB0       0
                text21                             6BE0     6BE0       12     35F0       0
                text20                             7462     7462       FE     3A31       0
                text19                             6BF2     6BF2       16     35F9       0
                text18                             7064     7064       7A     3832       0
                text17                             6F48     6F48       56     37A4       0
                text16                             70DE     70DE       82     386F       0
                text15                             6FFE     6FFE       66     37FF       0
                text14                             736C     736C       F6     39B6       0
                text13                             6E50     6E50       52     3728       0
                text12                             7160     7160       8C     38B0       0
                text11                             6F9E     6F9E       60     37CF       0
                text10                             6EA2     6EA2       52     3751       0
                text9                              6CE6     6CE6       42     3673       0
                text8                              71EC     71EC       A4     38F6       0
                text7                              6D28     6D28       42     3694       0
                text6                              789E     789E      54C     3C4F       0
                text5                              7290     7290       DC     3948       0
                text4                              6C2C     6C2C       26     3616       0
                text3                              7692     7692      20C     3B49       0
                text2                              6C08     6C08       24     3604       0
                text1                              6EF4     6EF4       54     377A       0
                text0                              6D6A     6D6A       46     36B5       0
                cstackCOMRAM                          1        1       2F        1       1
                bssBIGRAM                            76       76      200       76       1
                bssBANK0                             60       60       16       60       1
                dataCOMRAM                           5D       5D        2        1       1
                bssCOMRAM                            30       30       2D        1       1
                cinit                              6DB0     6DB0       4E     36D8       0
                idataCOMRAM                        6BC2     6BC2        2     6BC2       0

TOTAL           Name                               Link     Load   Length     Space
        CLASS   STACK          

        CLASS   CODE           
                init                                  0        0        4         0
                text28                             6BD0     6BD0       10         0
                text27                             6CAC     6CAC       3A         0
                text26                             6C7E     6C7E       2E         0
                text25                             6C52     6C52       2C         0
                text24                             6BC4     6BC4        C         0
                text23                             6DFE     6DFE       52         0
                text22                             7560     7560      132         0
                text21                             6BE0     6BE0       12         0
                text20                             7462     7462       FE         0
                text19                             6BF2     6BF2       16         0
                text18                             7064     7064       7A         0
                text17                             6F48     6F48       56         0
                text16                             70DE     70DE       82         0
                text15                             6FFE     6FFE       66         0
                text14                             736C     736C       F6         0
                text13                             6E50     6E50       52         0
                text12                             7160     7160       8C         0
                text11                             6F9E     6F9E       60         0
                text10                             6EA2     6EA2       52         0
                text9                              6CE6     6CE6       42         0
                text8                              71EC     71EC       A4         0
                text7                              6D28     6D28       42         0
                text6                              789E     789E      54C         0
                text5                              7290     7290       DC         0
                text4                              6C2C     6C2C       26         0
                text3                              7692     7692      20C         0
                text2                              6C08     6C08       24         0
                text1                              6EF4     6EF4       54         0
                text0                              6D6A     6D6A       46         0
                cinit                              6DB0     6DB0       4E         0
                idataCOMRAM                        6BC2     6BC2        2         0

        CLASS   CONST          

        CLASS   SMALLCONST     

        CLASS   MEDIUMCONST    
                mediumconst                        7DEA     7DEA      216         0

        CLASS   COMRAM         
                cstackCOMRAM                          1        1       2F         1
                dataCOMRAM                           5D       5D        2         1
                bssCOMRAM                            30       30       2D         1

        CLASS   ABS1           

        CLASS   BIGRAM         
                bssBIGRAM                            76       76      200         1

        CLASS   RAM            

        CLASS   BANK0          
                bssBANK0                             60       60       16         1

        CLASS   BANK1          

        CLASS   BANK2          

        CLASS   BANK3          

        CLASS   BANK4          

        CLASS   BANK5          

        CLASS   SFR            

        CLASS   FARRAM         

        CLASS   CONFIG         
                config                           300000   300000        E         0

        CLASS   IDLOC          
                idloc                            200000   200000        8         0

        CLASS   EEDATA         



SEGMENTS        Name                           Load    Length   Top    Selector   Space  Class

                reset_vec                      000000  000004  000004         0       0  CODE    
                cstackCOMRAM                   000001  00005E  00005F         1       1  COMRAM  
                bssBANK0                       000060  000016  000076        60       1  BANK0   
                bssBIGRAM                      000076  000200  000276        76       1  BIGRAM  
                idataCOMRAM                    006BC2  000002  006BC4      6BC2       0  CODE    
                text24                         006BC4  00000C  006BD0      35E2       0  CODE    
                text28                         006BD0  000010  006BE0      35E8       0  CODE    
                text21                         006BE0  000012  006BF2      35F0       0  CODE    
                text19                         006BF2  000016  006C08      35F9       0  CODE    
                text2                          006C08  000024  006C2C      3604       0  CODE    
                text4                          006C2C  000026  006C52      3616       0  CODE    
                text25                         006C52  00002C  006C7E      3629       0  CODE    
                text26                         006C7E  00002E  006CAC      363F       0  CODE    
                text27                         006CAC  00003A  006CE6      3656       0  CODE    
                text9                          006CE6  000042  006D28      3673       0  CODE    
                text7                          006D28  000042  006D6A      3694       0  CODE    
                text0                          006D6A  000046  006DB0      36B5       0  CODE    
                cinit                          006DB0  00004E  006DFE      36D8       0  CODE    
                text23                         006DFE  000052  006E50      36FF       0  CODE    
                text13                         006E50  000052  006EA2      3728       0  CODE    
                text10                         006EA2  000052  006EF4      3751       0  CODE    
                text1                          006EF4  000054  006F48      377A       0  CODE    
                text17                         006F48  000056  006F9E      37A4       0  CODE    
                text11                         006F9E  000060  006FFE      37CF       0  CODE    
                text15                         006FFE  000066  007064      37FF       0  CODE    
                text18                         007064  00007A  0070DE      3832       0  CODE    
                text16                         0070DE  000082  007160      386F       0  CODE    
                text12                         007160  00008C  0071EC      38B0       0  CODE    
                text8                          0071EC  0000A4  007290      38F6       0  CODE    
                text5                          007290  0000DC  00736C      3948       0  CODE    
                text14                         00736C  0000F6  007462      39B6       0  CODE    
                text20                         007462  0000FE  007560      3A31       0  CODE    
                text22                         007560  000132  007692      3AB0       0  CODE    
                text3                          007692  00020C  00789E      3B49       0  CODE    
                text6                          00789E  00054C  007DEA      3C4F       0  CODE    
                mediumconst                    007DEA  000216  008000      3EF5       0  MEDIUMCO
                idloc                          200000  000008  200008    200000       0  IDLOC   
                config                         300000  00000E  30000E    300000       0  CONFIG  


UNUSED ADDRESS RANGES

        Name                Unused          Largest block    Delta
        BANK2            000276-0002FF               8A
        BANK3            000300-0003FF              100
        BANK4            000400-0004FF              100
        BANK5            000500-0005FF              100
        BIGRAM           00005F-00005F                1
                         000276-0005FF              38A
        CODE             000004-006BC1             6BBE
        COMRAM           00005F-00005F                1
        CONST            000004-006BC1             6BBE
        EEDATA           F00000-F000FF              100
        MEDIUMCONST      000600-006BC1             65C2
        RAM              000276-0005FF              100
        SFR              000F38-000FFF               28
        SMALLCONST       000600-006BC1              100
        STACK            000276-0005FF              38A

                                  Symbol Table

?___lldiv                     cstackCOMRAM 000001
?___llmod                     cstackCOMRAM 000001
?___lmul                      cstackCOMRAM 000001
?___lwdiv                     cstackCOMRAM 000001
?___lwmod                     cstackCOMRAM 000001
?___wmul                      cstackCOMRAM 000001
SDcard_get_response@response  cstackCOMRAM 000001
SDcard_init@b                 cstackCOMRAM 000007
SDcard_init@i                 cstackCOMRAM 000006
SDcard_read_block@address     cstackCOMRAM 000006
SDcard_write_block@address    cstackCOMRAM 000006
_ANSELCbits                   (abs)        000F3A
_FAT_address                  bssCOMRAM    000030
_FAT_copies                   bssCOMRAM    000055
_LATC                         (abs)        000F8B
_LATCbits                     (abs)        000F8B
_PIR1bits                     (abs)        000F9E
_RCSTA1bits                   (abs)        000FAB
_SDcard_get_response          text27       006CAC
_SDcard_init                  text22       007560
_SDcard_read_block            text18       007064
_SDcard_write_block           text20       007462
_SDcommand                    bssCOMRAM    000056
_SDdata                       bssBIGRAM    000076
_SPBRG1                       (abs)        000FAF
_SPBRGH1                      (abs)        000FB0
_SSP1BUF                      (abs)        000FC9
_SSP1CON1bits                 (abs)        000FC6
_SSP1STATbits                 (abs)        000FC7
_TRISAbits                    (abs)        000F92
_TRISC                        (abs)        000F94
_TRISCbits                    (abs)        000F94
_TXREG1                       (abs)        000FAD
_TXSTA1bits                   (abs)        000FAC
_TXSTAbits                    (abs)        000FAC
__CFG_BOREN$SBORDIS           (abs)        000000
__CFG_BORV$190                (abs)        000000
__CFG_FCMEN$ON                (abs)        000000
__CFG_FOSC$HSMP               (abs)        000000
__CFG_IESO$OFF                (abs)        000000
__CFG_MCLRE$INTMCLR           (abs)        000000
__CFG_PLLCFG$OFF              (abs)        000000
__CFG_PRICLKEN$OFF            (abs)        000000
__CFG_PWRTEN$ON               (abs)        000000
__CFG_WDTEN$OFF               (abs)        000000
__HRAM                        (abs)        000000
__Habs1                       abs1         000000
__Hbank0                      bank0        000000
__Hbank1                      bank1        000000
__Hbank2                      bank2        000000
__Hbank3                      bank3        000000
__Hbank4                      bank4        000000
__Hbank5                      bank5        000000
__Hbigbss                     bigbss       000000
__Hbigdata                    bigdata      000000
__Hbigram                     bigram       000000
__Hbss                        bss          000000
__HbssBANK0                   bssBANK0     000000
__HbssBIGRAM                  bssBIGRAM    000000
__HbssCOMRAM                  bssCOMRAM    000000
__Hcinit                      cinit        000000
__Hclrtext                    clrtext      000000
__Hcomram                     comram       000000
__Hconfig                     config       30000E
__Hconst                      const        000000
__HcstackCOMRAM               cstackCOMRAM 000000
__Hdata                       data         000000
__HdataCOMRAM                 dataCOMRAM   000000
__Heeprom_data                eeprom_data  000000
__Hfarbss                     farbss       000000
__Hfardata                    fardata      000000
__Hibigdata                   ibigdata     000000
__Hidata                      idata        000000
__HidataCOMRAM                idataCOMRAM  000000
__Hidloc                      idloc        200008
__Hifardata                   ifardata     000000
__Hinit                       init         000004
__Hintcode                    intcode      000000
__Hintcode_body               intcode_body 000000
__Hintcodelo                  intcodelo    000000
__Hintentry                   intentry     000000
__Hintret                     intret       000000
__Hintsave_regs               intsave_regs 000000
__Hirdata                     irdata       000000
__Hmediumconst                mediumconst  008000
__HnvFARRAM                   nvFARRAM     000000
__Hnvbit                      nvbit        000000
__Hnvrram                     nvrram       000000
__Hparam                      rparam       000000
__Hpowerup                    powerup      000000
__Hram                        ram          000000
__Hramtop                     ramtop       000600
__Hrbit                       rbit         000000
__Hrbss                       rbss         000000
__Hrdata                      rdata        000000
__Hreset_vec                  reset_vec    000000
__Hrparam                     rparam       000000
__Hsfr                        sfr          000000
__Hsmallconst                 smallconst   000000
__Hspace_0                    (abs)        30000E
__Hspace_1                    (abs)        000276
__Hspace_2                    (abs)        000000
__Hstack                      stack        000000
__Hstruct                     struct       000000
__Htemp                       temp         000000
__Htext                       text         000000
__Htext0                      text0        000000
__Htext1                      text1        000000
__Htext10                     text10       000000
__Htext11                     text11       000000
__Htext12                     text12       000000
__Htext13                     text13       000000
__Htext14                     text14       000000
__Htext15                     text15       000000
__Htext16                     text16       000000
__Htext17                     text17       000000
__Htext18                     text18       000000
__Htext19                     text19       000000
__Htext2                      text2        000000
__Htext20                     text20       000000
__Htext21                     text21       000000
__Htext22                     text22       000000
__Htext23                     text23       000000
__Htext24                     text24       000000
__Htext25                     text25       000000
__Htext26                     text26       000000
__Htext27                     text27       000000
__Htext28                     text28       000000
__Htext3                      text3        000000
__Htext4                      text4        000000
__Htext5                      text5        000000
__Htext6                      text6        000000
__Htext7                      text7        000000
__Htext8                      text8        000000
__Htext9                      text9        000000
__LRAM                        (abs)        000001
__Labs1                       abs1         000000
__Lbank0                      bank0        000000
__Lbank1                      bank1        000000
__Lbank2                      bank2        000000
__Lbank3                      bank3        000000
__Lbank4                      bank4        000000
__Lbank5                      bank5        000000
__Lbigbss                     bigbss       000000
__Lbigdata                    bigdata      000000
__Lbigram                     bigram       000000
__Lbss                        bss          000000
__LbssBANK0                   bssBANK0     000000
__LbssBIGRAM                  bssBIGRAM    000000
__LbssCOMRAM                  bssCOMRAM    000000
__Lcinit                      cinit        000000
__Lclrtext                    clrtext      000000
__Lcomram                     comram       000000
__Lconfig                     config       300000
__Lconst                      const        000000
__LcstackCOMRAM               cstackCOMRAM 000000
__Ldata                       data         000000
__LdataCOMRAM                 dataCOMRAM   000000
__Leeprom_data                eeprom_data  000000
__Lfarbss                     farbss       000000
__Lfardata                    fardata      000000
__Libigdata                   ibigdata     000000
__Lidata                      idata        000000
__LidataCOMRAM                idataCOMRAM  000000
__Lidloc                      idloc        200000
__Lifardata                   ifardata     000000
__Linit                       init         000000
__Lintcode                    intcode      000000
__Lintcode_body               intcode_body 000000
__Lintcodelo                  intcodelo    000000
__Lintentry                   intentry     000000
__Lintret                     intret       000000
__Lintsave_regs               intsave_regs 000000
__Lirdata                     irdata       000000
__Lmediumconst                mediumconst  007DEA
__LnvFARRAM                   nvFARRAM     000000
__Lnvbit                      nvbit        000000
__Lnvrram                     nvrram       000000
__Lparam                      rparam       000000
__Lpowerup                    powerup      000000
__Lram                        ram          000000
__Lramtop                     ramtop       000600
__Lrbit                       rbit         000000
__Lrbss                       rbss         000000
__Lrdata                      rdata        000000
__Lreset_vec                  reset_vec    000000
__Lrparam                     rparam       000000
__Lsfr                        sfr          000000
__Lsmallconst                 smallconst   000000
__Lspace_0                    (abs)        000000
__Lspace_1                    (abs)        000000
__Lspace_2                    (abs)        000000
__Lstack                      stack        000000
__Lstruct                     struct       000000
__Ltemp                       temp         000000
__Ltext                       text         000000
__Ltext0                      text0        000000
__Ltext1                      text1        000000
__Ltext10                     text10       000000
__Ltext11                     text11       000000
__Ltext12                     text12       000000
__Ltext13                     text13       000000
__Ltext14                     text14       000000
__Ltext15                     text15       000000
__Ltext16                     text16       000000
__Ltext17                     text17       000000
__Ltext18                     text18       000000
__Ltext19                     text19       000000
__Ltext2                      text2        000000
__Ltext20                     text20       000000
__Ltext21                     text21       000000
__Ltext22                     text22       000000
__Ltext23                     text23       000000
__Ltext24                     text24       000000
__Ltext25                     text25       000000
__Ltext26                     text26       000000
__Ltext27                     text27       000000
__Ltext28                     text28       000000
__Ltext3                      text3        000000
__Ltext4                      text4        000000
__Ltext5                      text5        000000
__Ltext6                      text6        000000
__Ltext7                      text7        000000
__Ltext8                      text8        000000
__Ltext9                      text9        000000
__S0                          (abs)        30000E
__S1                          (abs)        000276
__S2                          (abs)        000000
___inthi_sp                   stack        000000
___intlo_sp                   stack        000000
___lldiv                      text16       0070DE
___lldiv@counter              cstackCOMRAM 00000D
___lldiv@dividend             cstackCOMRAM 000001
___lldiv@divisor              cstackCOMRAM 000005
___lldiv@quotient             cstackCOMRAM 000009
___llmod                      text15       006FFE
___llmod@counter              cstackCOMRAM 000009
___llmod@dividend             cstackCOMRAM 000001
___llmod@divisor              cstackCOMRAM 000005
___lmul                       text17       006F48
___lmul@multiplicand          cstackCOMRAM 000005
___lmul@multiplier            cstackCOMRAM 000001
___lmul@product               cstackCOMRAM 000009
___lwdiv                      text10       006EA2
___lwdiv@counter              cstackCOMRAM 000007
___lwdiv@dividend             cstackCOMRAM 000001
___lwdiv@divisor              cstackCOMRAM 000003
___lwdiv@quotient             cstackCOMRAM 000005
___lwmod                      text9        006CE6
___lwmod@counter              cstackCOMRAM 000005
___lwmod@dividend             cstackCOMRAM 000001
___lwmod@divisor              cstackCOMRAM 000003
___param_bank                 (abs)        000000
___rparam_used                (abs)        000001
___sp                         stack        000000
___wmul                       text4        006C2C
___wmul@multiplicand          cstackCOMRAM 000003
___wmul@multiplier            cstackCOMRAM 000001
___wmul@product               cstackCOMRAM 000005
__accesstop                   (abs)        000060
__activetblptr                (abs)        000002
__end_of_SDcard_get_response  text27       006CE6
__end_of_SDcard_init          text22       007692
__end_of_SDcard_read_block    text18       0070DE
__end_of_SDcard_write_block   text20       007560
__end_of___lldiv              text16       007160
__end_of___llmod              text15       007064
__end_of___lmul               text17       006F9E
__end_of___lwdiv              text10       006EF4
__end_of___lwmod              text9        006D28
__end_of___wmul               text4        006C52
__end_of__initialization      cinit        006DF4
__end_of_file_append          text11       006FFE
__end_of_file_create          text6        007DEA
__end_of_file_update_size     text5        00736C
__end_of_itoa                 text7        006D6A
__end_of_ltoa                 text13       006EA2
__end_of_main                 text0        006DB0
__end_of_mount_disk           text3        00789E
__end_of_sector_close         text19       006C08
__end_of_sector_open          text12       0071EC
__end_of_spi_init             text2        006C2C
__end_of_spi_receive          text26       006CAC
__end_of_spi_send             text25       006C7E
__end_of_spi_single_receive   text28       006BE0
__end_of_spi_single_send      text21       006BF2
__end_of_uart_init            text1        006F48
__end_of_uart_putc            text24       006BD0
__end_of_uart_puts            text23       006E50
__end_of_ultoa                text14       007462
__end_of_utoa                 text8        007290
__initialization              cinit        006DB0
__mediumconst                 mediumconst  007DEA
__pbssBANK0                   bssBANK0     000060
__pbssBIGRAM                  bssBIGRAM    000076
__pbssCOMRAM                  bssCOMRAM    000030
__pcinit                      cinit        006DB0
__pcstackCOMRAM               cstackCOMRAM 000001
__pdataCOMRAM                 dataCOMRAM   00005D
__pidataCOMRAM                idataCOMRAM  006BC2
__pmediumconst                mediumconst  007DEA
__ptext0                      text0        006D6A
__ptext1                      text1        006EF4
__ptext10                     text10       006EA2
__ptext11                     text11       006F9E
__ptext12                     text12       007160
__ptext13                     text13       006E50
__ptext14                     text14       00736C
__ptext15                     text15       006FFE
__ptext16                     text16       0070DE
__ptext17                     text17       006F48
__ptext18                     text18       007064
__ptext19                     text19       006BF2
__ptext2                      text2        006C08
__ptext20                     text20       007462
__ptext21                     text21       006BE0
__ptext22                     text22       007560
__ptext23                     text23       006DFE
__ptext24                     text24       006BC4
__ptext25                     text25       006C52
__ptext26                     text26       006C7E
__ptext27                     text27       006CAC
__ptext28                     text28       006BD0
__ptext3                      text3        007692
__ptext4                      text4        006C2C
__ptext5                      text5        007290
__ptext6                      text6        00789E
__ptext7                      text7        006D28
__ptext8                      text8        0071EC
__ptext9                      text9        006CE6
__ramtop                      ramtop       000600
__size_of_SDcard_get_response (abs)        000000
__size_of_SDcard_init         (abs)        000000
__size_of_SDcard_read_block   (abs)        000000
__size_of_SDcard_write_block  (abs)        000000
__size_of___lldiv             (abs)        000000
__size_of___llmod             (abs)        000000
__size_of___lmul              (abs)        000000
__size_of___lwdiv             (abs)        000000
__size_of___lwmod             (abs)        000000
__size_of___wmul              (abs)        000000
__size_of_file_append         (abs)        000000
__size_of_file_create         (abs)        000000
__size_of_file_update_size    (abs)        000000
__size_of_itoa                (abs)        000000
__size_of_ltoa                (abs)        000000
__size_of_main                (abs)        000000
__size_of_mount_disk          (abs)        000000
__size_of_sector_close        (abs)        000000
__size_of_sector_open         (abs)        000000
__size_of_spi_init            (abs)        000000
__size_of_spi_receive         (abs)        000000
__size_of_spi_send            (abs)        000000
__size_of_spi_single_receive  (abs)        000000
__size_of_spi_single_send     (abs)        000000
__size_of_uart_init           (abs)        000000
__size_of_uart_putc           (abs)        000000
__size_of_uart_puts           (abs)        000000
__size_of_ultoa               (abs)        000000
__size_of_utoa                (abs)        000000
__smallconst                  smallconst   000000
_address_buffer               bssBANK0     00006C
_byte_number                  bssCOMRAM    000044
_card_response                bssCOMRAM    000052
_cluster_number               bssCOMRAM    000048
_current_sector               bssCOMRAM    000054
_current_sector_address       bssCOMRAM    00003C
_datareg_start                bssBANK0     000064
_entry_addr                   bssCOMRAM    000046
_file_append                  text11       006F9E
_file_create                  text6        00789E
_file_create$1476             cstackCOMRAM 00002B
_file_length                  bssCOMRAM    000038
_file_update_size             text5        007290
_itoa                         text7        006D28
_ltoa                         text13       006E50
_main                         text0        006D6A
_mount_disk                   text3        007692
_no_response                  bssCOMRAM    000053
_part1_addr                   bssBANK0     000068
_root_entries                 bssCOMRAM    00004C
_rootdir_start                bssCOMRAM    000040
_sector_close                 text19       006BF2
_sector_open                  text12       007160
_sector_size                  bssCOMRAM    000050
_sectors_FAT                  bssCOMRAM    00004A
_sectors_cluster              bssCOMRAM    00005C
_sectors_reserved             bssCOMRAM    00004E
_spi_init                     text2        006C08
_spi_receive                  text26       006C7E
_spi_send                     text25       006C52
_spi_single_receive           text28       006BD0
_spi_single_send              text21       006BE0
_start_sector_address         bssBANK0     000060
_timeout                      dataCOMRAM   00005D
_uart_init                    text1        006EF4
_uart_putc                    text24       006BC4
_uart_puts                    text23       006DFE
_ultoa                        text14       00736C
_utoa                         text8        0071EC
end_of_initialization         cinit        006DF4
file_append@string            cstackCOMRAM 000025
file_create@filename          cstackCOMRAM 000025
file_create@offset            cstackCOMRAM 00002F
intlevel0                     text         000000
intlevel1                     text         000000
intlevel2                     text         000000
intlevel3                     text         000000
itoa@base                     cstackCOMRAM 000015
itoa@buf                      cstackCOMRAM 000011
itoa@cp                       cstackCOMRAM 000017
itoa@val                      cstackCOMRAM 000013
ltoa@base                     cstackCOMRAM 000021
ltoa@buf                      cstackCOMRAM 00001B
ltoa@cp                       cstackCOMRAM 000023
ltoa@val                      cstackCOMRAM 00001D
spi_init@speed_mode           cstackCOMRAM 000001
spi_receive@data              cstackCOMRAM 000001
spi_receive@length            cstackCOMRAM 000003
spi_send@data                 cstackCOMRAM 000001
spi_send@length               cstackCOMRAM 000003
spi_send@tmp                  cstackCOMRAM 000005
spi_single_send@data          cstackCOMRAM 000002
spi_single_send@tmp           cstackCOMRAM 000001
stackhi                       (abs)        0005FF
stacklo                       (abs)        000276
start                         init         000000
start_initialization          cinit        006DB0
uart_init@BRG_val             cstackCOMRAM 000014
uart_init@baudrate            cstackCOMRAM 00000E
uart_putc@c                   cstackCOMRAM 000001
uart_puts@s                   cstackCOMRAM 000002
ultoa@base                    cstackCOMRAM 000014
ultoa@buf                     cstackCOMRAM 00000E
ultoa@c                       cstackCOMRAM 00001A
ultoa@v                       cstackCOMRAM 000016
ultoa@val                     cstackCOMRAM 000010
utoa@base                     cstackCOMRAM 00000C
utoa@buf                      cstackCOMRAM 000008
utoa@c                        cstackCOMRAM 000010
utoa@v                        cstackCOMRAM 00000E
utoa@val                      cstackCOMRAM 00000A


FUNCTION INFORMATION:

 *************** function _main *****************
 Defined at:
		line 25 in file "../../picSD-master/main.c"
 Parameters:    Size  Location     Type
		None
 Auto vars:     Size  Location     Type
		None
 Return value:  Size  Location     Type
                  2  110[None  ] int 
 Registers used:
		wreg, fsr0l, fsr0h, fsr2l, fsr2h, status,2, status,0, tblptrl, tblptrh, tblptru, prodl, prodh, cstack
 Tracked objects:
		On entry : 
		On exit  : 
		Unchanged: 
 Data sizes:     COMRAM   BANK0   BANK1   BANK2   BANK3   BANK4   BANK5
      Params:         0       0       0       0       0       0       0
      Locals:         0       0       0       0       0       0       0
      Temps:          0       0       0       0       0       0       0
      Totals:         0       0       0       0       0       0       0
Total ram usage:        0 bytes
 Hardware stack levels required when called:    5
 This function calls:
		_SDcard_init
		_file_append
		_file_create
		_file_update_size
		_mount_disk
		_sector_open
		_spi_init
		_uart_init
 This function is called by:
		Startup code after reset
 This function uses a non-reentrant model


 *************** function _uart_init *****************
 Defined at:
		line 8 in file "../../picSD-master/uart.c"
 Parameters:    Size  Location     Type
  baudrate        2   13[COMRAM] unsigned int 
 Auto vars:     Size  Location     Type
  BRG_val         2   19[COMRAM] unsigned int 
 Return value:  Size  Location     Type
                  1    wreg      void 
 Registers used:
		wreg, status,2, status,0, cstack
 Tracked objects:
		On entry : 
		On exit  : 
		Unchanged: 
 Data sizes:     COMRAM   BANK0   BANK1   BANK2   BANK3   BANK4   BANK5
      Params:         2       0       0       0       0       0       0
      Locals:         2       0       0       0       0       0       0
      Temps:          4       0       0       0       0       0       0
      Totals:         8       0       0       0       0       0       0
Total ram usage:        8 bytes
 Hardware stack levels used:    1
 Hardware stack levels required when called:    1
 This function calls:
		___lldiv
 This function is called by:
		_main
 This function uses a non-reentrant model


 *************** function _spi_init *****************
 Defined at:
		line 10 in file "../../picSD-master/spi.c"
 Parameters:    Size  Location     Type
  speed_mode      1    wreg     unsigned char 
 Auto vars:     Size  Location     Type
  speed_mode      1    0[COMRAM] unsigned char 
 Return value:  Size  Location     Type
                  1    wreg      void 
 Registers used:
		wreg, status,2, status,0
 Tracked objects:
		On entry : 
		On exit  : 
		Unchanged: 
 Data sizes:     COMRAM   BANK0   BANK1   BANK2   BANK3   BANK4   BANK5
      Params:         0       0       0       0       0       0       0
      Locals:         1       0       0       0       0       0       0
      Temps:          0       0       0       0       0       0       0
      Totals:         1       0       0       0       0       0       0
Total ram usage:        1 bytes
 Hardware stack levels used:    1
 This function calls:
		Nothing
 This function is called by:
		_main
 This function uses a non-reentrant model


 *************** function _mount_disk *****************
 Defined at:
		line 47 in file "../../picSD-master/fatfs.c"
 Parameters:    Size  Location     Type
		None
 Auto vars:     Size  Location     Type
		None
 Return value:  Size  Location     Type
                  1    wreg      void 
 Registers used:
		wreg, fsr0l, fsr0h, fsr2l, fsr2h, status,2, status,0, tblptrl, tblptrh, tblptru, prodl, prodh, cstack
 Tracked objects:
		On entry : 
		On exit  : 
		Unchanged: 
 Data sizes:     COMRAM   BANK0   BANK1   BANK2   BANK3   BANK4   BANK5
      Params:         0       0       0       0       0       0       0
      Locals:         0       0       0       0       0       0       0
      Temps:          5       0       0       0       0       0       0
      Totals:         5       0       0       0       0       0       0
Total ram usage:        5 bytes
 Hardware stack levels used:    1
 Hardware stack levels required when called:    3
 This function calls:
		_SDcard_read_block
		___lmul
		___wmul
 This function is called by:
		_main
 This function uses a non-reentrant model


 *************** function ___wmul *****************
 Defined at:
		line 15 in file "C:\Program Files\Microchip\xc8\v1.44\sources\common\Umul16.c"
 Parameters:    Size  Location     Type
  multiplier      2    0[COMRAM] unsigned int 
  multiplicand    2    2[COMRAM] unsigned int 
 Auto vars:     Size  Location     Type
  product         2    4[COMRAM] unsigned int 
 Return value:  Size  Location     Type
                  2    0[COMRAM] unsigned int 
 Registers used:
		wreg, status,2, status,0, prodl, prodh
 Tracked objects:
		On entry : 
		On exit  : 
		Unchanged: 
 Data sizes:     COMRAM   BANK0   BANK1   BANK2   BANK3   BANK4   BANK5
      Params:         4       0       0       0       0       0       0
      Locals:         2       0       0       0       0       0       0
      Temps:          0       0       0       0       0       0       0
      Totals:         6       0       0       0       0       0       0
Total ram usage:        6 bytes
 Hardware stack levels used:    1
 This function calls:
		Nothing
 This function is called by:
		_mount_disk
 This function uses a non-reentrant model


 *************** function _file_update_size *****************
 Defined at:
		line 259 in file "../../picSD-master/fatfs.c"
 Parameters:    Size  Location     Type
		None
 Auto vars:     Size  Location     Type
		None
 Return value:  Size  Location     Type
                  1    wreg      void 
 Registers used:
		wreg, fsr0l, fsr0h, fsr2l, fsr2h, status,2, status,0, tblptrl, tblptrh, tblptru, cstack
 Tracked objects:
		On entry : 
		On exit  : 
		Unchanged: 
 Data sizes:     COMRAM   BANK0   BANK1   BANK2   BANK3   BANK4   BANK5
      Params:         0       0       0       0       0       0       0
      Locals:         0       0       0       0       0       0       0
      Temps:          2       0       0       0       0       0       0
      Totals:         2       0       0       0       0       0       0
Total ram usage:        2 bytes
 Hardware stack levels used:    1
 Hardware stack levels required when called:    3
 This function calls:
		_SDcard_read_block
		_SDcard_write_block
		_ltoa
		_uart_putc
		_uart_puts
 This function is called by:
		_main
 This function uses a non-reentrant model


 *************** function _file_create *****************
 Defined at:
		line 94 in file "../../picSD-master/fatfs.c"
 Parameters:    Size  Location     Type
  filename        2   36[COMRAM] PTR const unsigned char 
		 -> STR_10(13), 
 Auto vars:     Size  Location     Type
  offset          1   46[COMRAM] unsigned char 
 Return value:  Size  Location     Type
                  1    wreg      void 
 Registers used:
		wreg, fsr0l, fsr0h, fsr2l, fsr2h, status,2, status,0, tblptrl, tblptrh, tblptru, cstack
 Tracked objects:
		On entry : 
		On exit  : 
		Unchanged: 
 Data sizes:     COMRAM   BANK0   BANK1   BANK2   BANK3   BANK4   BANK5
      Params:         2       0       0       0       0       0       0
      Locals:         5       0       0       0       0       0       0
      Temps:          4       0       0       0       0       0       0
      Totals:        11       0       0       0       0       0       0
Total ram usage:       11 bytes
 Hardware stack levels used:    1
 Hardware stack levels required when called:    3
 This function calls:
		_SDcard_read_block
		_SDcard_write_block
		___lmul
		_itoa
		_ltoa
		_uart_putc
		_uart_puts
 This function is called by:
		_main
 This function uses a non-reentrant model


 *************** function _itoa *****************
 Defined at:
		line 4 in file "C:\Program Files\Microchip\xc8\v1.44\sources\common\itoa.c"
 Parameters:    Size  Location     Type
  buf             2   16[COMRAM] PTR unsigned char 
		 -> address_buffer(10), 
  val             2   18[COMRAM] int 
  base            2   20[COMRAM] int 
 Auto vars:     Size  Location     Type
  cp              2   22[COMRAM] PTR unsigned char 
		 -> address_buffer(10), 
 Return value:  Size  Location     Type
                  2   16[COMRAM] PTR unsigned char 
 Registers used:
		wreg, fsr2l, fsr2h, status,2, status,0, cstack
 Tracked objects:
		On entry : 
		On exit  : 
		Unchanged: 
 Data sizes:     COMRAM   BANK0   BANK1   BANK2   BANK3   BANK4   BANK5
      Params:         6       0       0       0       0       0       0
      Locals:         2       0       0       0       0       0       0
      Temps:          0       0       0       0       0       0       0
      Totals:         8       0       0       0       0       0       0
Total ram usage:        8 bytes
 Hardware stack levels used:    1
 Hardware stack levels required when called:    2
 This function calls:
		_utoa
 This function is called by:
		_file_create
 This function uses a non-reentrant model


 *************** function _utoa *****************
 Defined at:
		line 17 in file "C:\Program Files\Microchip\xc8\v1.44\sources\common\itoa.c"
 Parameters:    Size  Location     Type
  buf             2    7[COMRAM] PTR unsigned char 
		 -> address_buffer(10), 
  val             2    9[COMRAM] unsigned int 
  base            2   11[COMRAM] int 
 Auto vars:     Size  Location     Type
  v               2   13[COMRAM] unsigned int 
  c               1   15[COMRAM] unsigned char 
 Return value:  Size  Location     Type
                  2    7[COMRAM] PTR unsigned char 
 Registers used:
		wreg, fsr2l, fsr2h, status,2, status,0, cstack
 Tracked objects:
		On entry : 
		On exit  : 
		Unchanged: 
 Data sizes:     COMRAM   BANK0   BANK1   BANK2   BANK3   BANK4   BANK5
      Params:         6       0       0       0       0       0       0
      Locals:         3       0       0       0       0       0       0
      Temps:          0       0       0       0       0       0       0
      Totals:         9       0       0       0       0       0       0
Total ram usage:        9 bytes
 Hardware stack levels used:    1
 Hardware stack levels required when called:    1
 This function calls:
		___lwdiv
		___lwmod
 This function is called by:
		_itoa
 This function uses a non-reentrant model


 *************** function ___lwmod *****************
 Defined at:
		line 8 in file "C:\Program Files\Microchip\xc8\v1.44\sources\common\lwmod.c"
 Parameters:    Size  Location     Type
  dividend        2    0[COMRAM] unsigned int 
  divisor         2    2[COMRAM] unsigned int 
 Auto vars:     Size  Location     Type
  counter         1    4[COMRAM] unsigned char 
 Return value:  Size  Location     Type
                  2    0[COMRAM] unsigned int 
 Registers used:
		wreg, status,2, status,0
 Tracked objects:
		On entry : 
		On exit  : 
		Unchanged: 
 Data sizes:     COMRAM   BANK0   BANK1   BANK2   BANK3   BANK4   BANK5
      Params:         4       0       0       0       0       0       0
      Locals:         1       0       0       0       0       0       0
      Temps:          0       0       0       0       0       0       0
      Totals:         5       0       0       0       0       0       0
Total ram usage:        5 bytes
 Hardware stack levels used:    1
 This function calls:
		Nothing
 This function is called by:
		_utoa
 This function uses a non-reentrant model


 *************** function ___lwdiv *****************
 Defined at:
		line 8 in file "C:\Program Files\Microchip\xc8\v1.44\sources\common\lwdiv.c"
 Parameters:    Size  Location     Type
  dividend        2    0[COMRAM] unsigned int 
  divisor         2    2[COMRAM] unsigned int 
 Auto vars:     Size  Location     Type
  quotient        2    4[COMRAM] unsigned int 
  counter         1    6[COMRAM] unsigned char 
 Return value:  Size  Location     Type
                  2    0[COMRAM] unsigned int 
 Registers used:
		wreg, status,2, status,0
 Tracked objects:
		On entry : 
		On exit  : 
		Unchanged: 
 Data sizes:     COMRAM   BANK0   BANK1   BANK2   BANK3   BANK4   BANK5
      Params:         4       0       0       0       0       0       0
      Locals:         3       0       0       0       0       0       0
      Temps:          0       0       0       0       0       0       0
      Totals:         7       0       0       0       0       0       0
Total ram usage:        7 bytes
 Hardware stack levels used:    1
 This function calls:
		Nothing
 This function is called by:
		_utoa
 This function uses a non-reentrant model


 *************** function _file_append *****************
 Defined at:
		line 236 in file "../../picSD-master/fatfs.c"
 Parameters:    Size  Location     Type
  string          2   36[COMRAM] PTR const unsigned char 
		 -> STR_11(33), 
 Auto vars:     Size  Location     Type
		None
 Return value:  Size  Location     Type
                  1    wreg      void 
 Registers used:
		wreg, fsr0l, fsr0h, fsr2l, fsr2h, status,2, status,0, tblptrl, tblptrh, tblptru, cstack
 Tracked objects:
		On entry : 
		On exit  : 
		Unchanged: 
 Data sizes:     COMRAM   BANK0   BANK1   BANK2   BANK3   BANK4   BANK5
      Params:         2       0       0       0       0       0       0
      Locals:         0       0       0       0       0       0       0
      Temps:          0       0       0       0       0       0       0
      Totals:         2       0       0       0       0       0       0
Total ram usage:        2 bytes
 Hardware stack levels used:    1
 Hardware stack levels required when called:    4
 This function calls:
		_sector_close
		_sector_open
 This function is called by:
		_main
 This function uses a non-reentrant model


 *************** function _sector_open *****************
 Defined at:
		line 214 in file "../../picSD-master/fatfs.c"
 Parameters:    Size  Location     Type
		None
 Auto vars:     Size  Location     Type
		None
 Return value:  Size  Location     Type
                  1    wreg      void 
 Registers used:
		wreg, fsr0l, fsr0h, fsr2l, fsr2h, status,2, status,0, tblptrl, tblptrh, tblptru, cstack
 Tracked objects:
		On entry : 
		On exit  : 
		Unchanged: 
 Data sizes:     COMRAM   BANK0   BANK1   BANK2   BANK3   BANK4   BANK5
      Params:         0       0       0       0       0       0       0
      Locals:         0       0       0       0       0       0       0
      Temps:          0       0       0       0       0       0       0
      Totals:         0       0       0       0       0       0       0
Total ram usage:        0 bytes
 Hardware stack levels used:    1
 Hardware stack levels required when called:    3
 This function calls:
		_SDcard_read_block
		___lmul
		_ltoa
		_uart_putc
		_uart_puts
 This function is called by:
		_file_append
		_main
 This function uses a non-reentrant model


 *************** function _ltoa *****************
 Defined at:
		line 7 in file "C:\Program Files\Microchip\xc8\v1.44\sources\common\ltoa.c"
 Parameters:    Size  Location     Type
  buf             2   26[COMRAM] PTR unsigned char 
		 -> address_buffer(10), 
  val             4   28[COMRAM] long 
  base            2   32[COMRAM] int 
 Auto vars:     Size  Location     Type
  cp              2   34[COMRAM] PTR unsigned char 
		 -> address_buffer(10), 
 Return value:  Size  Location     Type
                  2   26[COMRAM] PTR unsigned char 
 Registers used:
		wreg, fsr2l, fsr2h, status,2, status,0, cstack
 Tracked objects:
		On entry : 
		On exit  : 
		Unchanged: 
 Data sizes:     COMRAM   BANK0   BANK1   BANK2   BANK3   BANK4   BANK5
      Params:         8       0       0       0       0       0       0
      Locals:         2       0       0       0       0       0       0
      Temps:          0       0       0       0       0       0       0
      Totals:        10       0       0       0       0       0       0
Total ram usage:       10 bytes
 Hardware stack levels used:    1
 Hardware stack levels required when called:    2
 This function calls:
		_ultoa
 This function is called by:
		_file_create
		_sector_open
		_file_update_size
 This function uses a non-reentrant model


 *************** function _ultoa *****************
 Defined at:
		line 32 in file "C:\Program Files\Microchip\xc8\v1.44\sources\common\ltoa.c"
 Parameters:    Size  Location     Type
  buf             2   13[COMRAM] PTR unsigned char 
		 -> address_buffer(10), 
  val             4   15[COMRAM] unsigned long 
  base            2   19[COMRAM] int 
 Auto vars:     Size  Location     Type
  v               4   21[COMRAM] unsigned long 
  c               1   25[COMRAM] unsigned char 
 Return value:  Size  Location     Type
                  2   13[COMRAM] PTR unsigned char 
 Registers used:
		wreg, fsr2l, fsr2h, status,2, status,0, cstack
 Tracked objects:
		On entry : 
		On exit  : 
		Unchanged: 
 Data sizes:     COMRAM   BANK0   BANK1   BANK2   BANK3   BANK4   BANK5
      Params:         8       0       0       0       0       0       0
      Locals:         5       0       0       0       0       0       0
      Temps:          0       0       0       0       0       0       0
      Totals:        13       0       0       0       0       0       0
Total ram usage:       13 bytes
 Hardware stack levels used:    1
 Hardware stack levels required when called:    1
 This function calls:
		___lldiv
		___llmod
 This function is called by:
		_ltoa
 This function uses a non-reentrant model


 *************** function ___llmod *****************
 Defined at:
		line 8 in file "C:\Program Files\Microchip\xc8\v1.44\sources\common\llmod.c"
 Parameters:    Size  Location     Type
  dividend        4    0[COMRAM] unsigned long 
  divisor         4    4[COMRAM] unsigned long 
 Auto vars:     Size  Location     Type
  counter         1    8[COMRAM] unsigned char 
 Return value:  Size  Location     Type
                  4    0[COMRAM] unsigned long 
 Registers used:
		wreg, status,2, status,0
 Tracked objects:
		On entry : 
		On exit  : 
		Unchanged: 
 Data sizes:     COMRAM   BANK0   BANK1   BANK2   BANK3   BANK4   BANK5
      Params:         8       0       0       0       0       0       0
      Locals:         1       0       0       0       0       0       0
      Temps:          0       0       0       0       0       0       0
      Totals:         9       0       0       0       0       0       0
Total ram usage:        9 bytes
 Hardware stack levels used:    1
 This function calls:
		Nothing
 This function is called by:
		_ultoa
 This function uses a non-reentrant model


 *************** function ___lldiv *****************
 Defined at:
		line 8 in file "C:\Program Files\Microchip\xc8\v1.44\sources\common\lldiv.c"
 Parameters:    Size  Location     Type
  dividend        4    0[COMRAM] unsigned long 
  divisor         4    4[COMRAM] unsigned long 
 Auto vars:     Size  Location     Type
  quotient        4    8[COMRAM] unsigned long 
  counter         1   12[COMRAM] unsigned char 
 Return value:  Size  Location     Type
                  4    0[COMRAM] unsigned long 
 Registers used:
		wreg, status,2, status,0
 Tracked objects:
		On entry : 
		On exit  : 
		Unchanged: 
 Data sizes:     COMRAM   BANK0   BANK1   BANK2   BANK3   BANK4   BANK5
      Params:         8       0       0       0       0       0       0
      Locals:         5       0       0       0       0       0       0
      Temps:          0       0       0       0       0       0       0
      Totals:        13       0       0       0       0       0       0
Total ram usage:       13 bytes
 Hardware stack levels used:    1
 This function calls:
		Nothing
 This function is called by:
		_uart_init
		_ultoa
 This function uses a non-reentrant model


 *************** function ___lmul *****************
 Defined at:
		line 15 in file "C:\Program Files\Microchip\xc8\v1.44\sources\common\Umul32.c"
 Parameters:    Size  Location     Type
  multiplier      4    0[COMRAM] unsigned long 
  multiplicand    4    4[COMRAM] unsigned long 
 Auto vars:     Size  Location     Type
  product         4    8[COMRAM] unsigned long 
 Return value:  Size  Location     Type
                  4    0[COMRAM] unsigned long 
 Registers used:
		wreg, status,2, status,0
 Tracked objects:
		On entry : 
		On exit  : 
		Unchanged: 
 Data sizes:     COMRAM   BANK0   BANK1   BANK2   BANK3   BANK4   BANK5
      Params:         8       0       0       0       0       0       0
      Locals:         4       0       0       0       0       0       0
      Temps:          0       0       0       0       0       0       0
      Totals:        12       0       0       0       0       0       0
Total ram usage:       12 bytes
 Hardware stack levels used:    1
 This function calls:
		Nothing
 This function is called by:
		_mount_disk
		_file_create
		_sector_open
 This function uses a non-reentrant model


 *************** function _SDcard_read_block *****************
 Defined at:
		line 78 in file "../../picSD-master/sdcard.c"
 Parameters:    Size  Location     Type
  address         4    5[COMRAM] unsigned long 
 Auto vars:     Size  Location     Type
		None
 Return value:  Size  Location     Type
                  1    wreg      void 
 Registers used:
		wreg, fsr0l, fsr0h, fsr2l, fsr2h, status,2, status,0, tblptrl, tblptrh, tblptru, cstack
 Tracked objects:
		On entry : 
		On exit  : 
		Unchanged: 
 Data sizes:     COMRAM   BANK0   BANK1   BANK2   BANK3   BANK4   BANK5
      Params:         4       0       0       0       0       0       0
      Locals:         0       0       0       0       0       0       0
      Temps:          0       0       0       0       0       0       0
      Totals:         4       0       0       0       0       0       0
Total ram usage:        4 bytes
 Hardware stack levels used:    1
 Hardware stack levels required when called:    2
 This function calls:
		_SDcard_get_response
		_spi_receive
		_spi_send
		_spi_single_send
		_uart_puts
 This function is called by:
		_mount_disk
		_file_create
		_sector_open
		_file_update_size
 This function uses a non-reentrant model


 *************** function _sector_close *****************
 Defined at:
		line 231 in file "../../picSD-master/fatfs.c"
 Parameters:    Size  Location     Type
		None
 Auto vars:     Size  Location     Type
		None
 Return value:  Size  Location     Type
                  1    wreg      void 
 Registers used:
		wreg, fsr0l, fsr0h, fsr2l, fsr2h, status,2, status,0, tblptrl, tblptrh, tblptru, cstack
 Tracked objects:
		On entry : 
		On exit  : 
		Unchanged: 
 Data sizes:     COMRAM   BANK0   BANK1   BANK2   BANK3   BANK4   BANK5
      Params:         0       0       0       0       0       0       0
      Locals:         0       0       0       0       0       0       0
      Temps:          0       0       0       0       0       0       0
      Totals:         0       0       0       0       0       0       0
Total ram usage:        0 bytes
 Hardware stack levels used:    1
 Hardware stack levels required when called:    3
 This function calls:
		_SDcard_write_block
 This function is called by:
		_file_append
 This function uses a non-reentrant model


 *************** function _SDcard_write_block *****************
 Defined at:
		line 112 in file "../../picSD-master/sdcard.c"
 Parameters:    Size  Location     Type
  address         4    5[COMRAM] unsigned long 
 Auto vars:     Size  Location     Type
		None
 Return value:  Size  Location     Type
                  1    wreg      void 
 Registers used:
		wreg, fsr0l, fsr0h, fsr2l, fsr2h, status,2, status,0, tblptrl, tblptrh, tblptru, cstack
 Tracked objects:
		On entry : 
		On exit  : 
		Unchanged: 
 Data sizes:     COMRAM   BANK0   BANK1   BANK2   BANK3   BANK4   BANK5
      Params:         4       0       0       0       0       0       0
      Locals:         0       0       0       0       0       0       0
      Temps:          0       0       0       0       0       0       0
      Totals:         4       0       0       0       0       0       0
Total ram usage:        4 bytes
 Hardware stack levels used:    1
 Hardware stack levels required when called:    2
 This function calls:
		_SDcard_get_response
		_spi_send
		_spi_single_receive
		_spi_single_send
		_uart_puts
 This function is called by:
		_file_create
		_sector_close
		_file_update_size
 This function uses a non-reentrant model


 *************** function _spi_single_send *****************
 Defined at:
		line 63 in file "../../picSD-master/spi.c"
 Parameters:    Size  Location     Type
  data            1    wreg     unsigned char 
 Auto vars:     Size  Location     Type
  data            1    1[COMRAM] unsigned char 
  tmp             1    0[COMRAM] unsigned char 
 Return value:  Size  Location     Type
                  1    wreg      void 
 Registers used:
		wreg
 Tracked objects:
		On entry : 
		On exit  : 
		Unchanged: 
 Data sizes:     COMRAM   BANK0   BANK1   BANK2   BANK3   BANK4   BANK5
      Params:         0       0       0       0       0       0       0
      Locals:         2       0       0       0       0       0       0
      Temps:          0       0       0       0       0       0       0
      Totals:         2       0       0       0       0       0       0
Total ram usage:        2 bytes
 Hardware stack levels used:    1
 This function calls:
		Nothing
 This function is called by:
		_SDcard_read_block
		_SDcard_write_block
 This function uses a non-reentrant model


 *************** function _SDcard_init *****************
 Defined at:
		line 21 in file "../../picSD-master/sdcard.c"
 Parameters:    Size  Location     Type
		None
 Auto vars:     Size  Location     Type
  b               1    6[COMRAM] unsigned char 
  i               1    5[COMRAM] unsigned char 
 Return value:  Size  Location     Type
                  1    wreg      void 
 Registers used:
		wreg, fsr0l, fsr0h, fsr2l, fsr2h, status,2, status,0, tblptrl, tblptrh, tblptru, prodl, prodh, cstack
 Tracked objects:
		On entry : 
		On exit  : 
		Unchanged: 
 Data sizes:     COMRAM   BANK0   BANK1   BANK2   BANK3   BANK4   BANK5
      Params:         0       0       0       0       0       0       0
      Locals:         2       0       0       0       0       0       0
      Temps:          0       0       0       0       0       0       0
      Totals:         2       0       0       0       0       0       0
Total ram usage:        2 bytes
 Hardware stack levels used:    1
 Hardware stack levels required when called:    2
 This function calls:
		_SDcard_get_response
		_spi_receive
		_spi_send
		_uart_puts
 This function is called by:
		_main
 This function uses a non-reentrant model


 *************** function _uart_puts *****************
 Defined at:
		line 27 in file "../../picSD-master/uart.c"
 Parameters:    Size  Location     Type
  s               2    1[COMRAM] PTR const unsigned char 
		 -> STR_28(7), STR_27(9), STR_26(43), STR_25(10), 
		 -> STR_24(20), STR_23(22), STR_22(22), STR_21(10), 
		 -> STR_20(17), STR_19(10), STR_18(17), STR_17(35), 
		 -> STR_16(10), STR_15(35), STR_14(10), STR_13(35), 
		 -> STR_12(36), STR_9(12), STR_8(28), STR_7(15), 
		 -> STR_6(7), STR_5(48), STR_4(19), STR_3(17), 
		 -> address_buffer(10), STR_2(7), STR_1(39), 
 Auto vars:     Size  Location     Type
		None
 Return value:  Size  Location     Type
                  1    wreg      void 
 Registers used:
		wreg, fsr0l, fsr0h, status,2, status,0, tblptrl, tblptrh, tblptru, cstack
 Tracked objects:
		On entry : 
		On exit  : 
		Unchanged: 
 Data sizes:     COMRAM   BANK0   BANK1   BANK2   BANK3   BANK4   BANK5
      Params:         2       0       0       0       0       0       0
      Locals:         0       0       0       0       0       0       0
      Temps:          0       0       0       0       0       0       0
      Totals:         2       0       0       0       0       0       0
Total ram usage:        2 bytes
 Hardware stack levels used:    1
 Hardware stack levels required when called:    1
 This function calls:
		_uart_putc
 This function is called by:
		_file_create
		_sector_open
		_file_update_size
		_SDcard_init
		_SDcard_read_block
		_SDcard_write_block
 This function uses a non-reentrant model


 *************** function _uart_putc *****************
 Defined at:
		line 22 in file "../../picSD-master/uart.c"
 Parameters:    Size  Location     Type
  c               1    wreg     unsigned char 
 Auto vars:     Size  Location     Type
  c               1    0[COMRAM] unsigned char 
 Return value:  Size  Location     Type
                  1    wreg      void 
 Registers used:
		wreg
 Tracked objects:
		On entry : 
		On exit  : 
		Unchanged: 
 Data sizes:     COMRAM   BANK0   BANK1   BANK2   BANK3   BANK4   BANK5
      Params:         0       0       0       0       0       0       0
      Locals:         1       0       0       0       0       0       0
      Temps:          0       0       0       0       0       0       0
      Totals:         1       0       0       0       0       0       0
Total ram usage:        1 bytes
 Hardware stack levels used:    1
 This function calls:
		Nothing
 This function is called by:
		_file_create
		_sector_open
		_file_update_size
		_uart_puts
 This function uses a non-reentrant model


 *************** function _spi_send *****************
 Defined at:
		line 39 in file "../../picSD-master/spi.c"
 Parameters:    Size  Location     Type
  data            2    0[COMRAM] PTR unsigned char 
		 -> SDcommand(6), SDdata(512), 
  length          2    2[COMRAM] unsigned int 
 Auto vars:     Size  Location     Type
  tmp             1    4[COMRAM] unsigned char 
 Return value:  Size  Location     Type
                  1    wreg      void 
 Registers used:
		wreg, fsr2l, fsr2h, status,2, status,0
 Tracked objects:
		On entry : 
		On exit  : 
		Unchanged: 
 Data sizes:     COMRAM   BANK0   BANK1   BANK2   BANK3   BANK4   BANK5
      Params:         4       0       0       0       0       0       0
      Locals:         1       0       0       0       0       0       0
      Temps:          0       0       0       0       0       0       0
      Totals:         5       0       0       0       0       0       0
Total ram usage:        5 bytes
 Hardware stack levels used:    1
 This function calls:
		Nothing
 This function is called by:
		_SDcard_init
		_SDcard_read_block
		_SDcard_write_block
 This function uses a non-reentrant model


 *************** function _spi_receive *****************
 Defined at:
		line 51 in file "../../picSD-master/spi.c"
 Parameters:    Size  Location     Type
  data            2    0[COMRAM] PTR unsigned char 
		 -> SDdata(512), 
  length          2    2[COMRAM] unsigned int 
 Auto vars:     Size  Location     Type
		None
 Return value:  Size  Location     Type
                  1    wreg      void 
 Registers used:
		wreg, fsr2l, fsr2h, status,2, status,0
 Tracked objects:
		On entry : 
		On exit  : 
		Unchanged: 
 Data sizes:     COMRAM   BANK0   BANK1   BANK2   BANK3   BANK4   BANK5
      Params:         4       0       0       0       0       0       0
      Locals:         0       0       0       0       0       0       0
      Temps:          0       0       0       0       0       0       0
      Totals:         4       0       0       0       0       0       0
Total ram usage:        4 bytes
 Hardware stack levels used:    1
 This function calls:
		Nothing
 This function is called by:
		_SDcard_init
		_SDcard_read_block
 This function uses a non-reentrant model


 *************** function _SDcard_get_response *****************
 Defined at:
		line 162 in file "../../picSD-master/sdcard.c"
 Parameters:    Size  Location     Type
  response        1    wreg     unsigned char 
 Auto vars:     Size  Location     Type
  response        1    0[COMRAM] unsigned char 
 Return value:  Size  Location     Type
                  1    wreg      unsigned char 
 Registers used:
		wreg, status,2, status,0, cstack
 Tracked objects:
		On entry : 
		On exit  : 
		Unchanged: 
 Data sizes:     COMRAM   BANK0   BANK1   BANK2   BANK3   BANK4   BANK5
      Params:         0       0       0       0       0       0       0
      Locals:         1       0       0       0       0       0       0
      Temps:          0       0       0       0       0       0       0
      Totals:         1       0       0       0       0       0       0
Total ram usage:        1 bytes
 Hardware stack levels used:    1
 Hardware stack levels required when called:    1
 This function calls:
		_spi_single_receive
 This function is called by:
		_SDcard_init
		_SDcard_read_block
		_SDcard_write_block
 This function uses a non-reentrant model


 *************** function _spi_single_receive *****************
 Defined at:
		line 71 in file "../../picSD-master/spi.c"
 Parameters:    Size  Location     Type
		None
 Auto vars:     Size  Location     Type
		None
 Return value:  Size  Location     Type
                  1    wreg      unsigned char 
 Registers used:
		wreg, status,2
 Tracked objects:
		On entry : 
		On exit  : 
		Unchanged: 
 Data sizes:     COMRAM   BANK0   BANK1   BANK2   BANK3   BANK4   BANK5
      Params:         0       0       0       0       0       0       0
      Locals:         0       0       0       0       0       0       0
      Temps:          0       0       0       0       0       0       0
      Totals:         0       0       0       0       0       0       0
Total ram usage:        0 bytes
 Hardware stack levels used:    1
 This function calls:
		Nothing
 This function is called by:
		_SDcard_write_block
		_SDcard_get_response
 This function uses a non-reentrant model



MODULE INFORMATION

Module		Function		Class		Link	Load	Size
../../picSD-master/fatfs.c
		_sector_open   		CODE           	7160	0000	141
		_sector_close  		CODE           	6BF2	0000	23
		_file_append   		CODE           	6F9E	0000	97
		_file_update_size		CODE           	7290	0000	221
		_mount_disk    		CODE           	7692	0000	525
		_file_create   		CODE           	789E	0000	1357

../../picSD-master/fatfs.c estimated size: 2364

../../picSD-master/spi.c
		_spi_single_receive		CODE           	6BD0	0000	17
		_spi_single_send		CODE           	6BE0	0000	19
		_spi_init      		CODE           	6C08	0000	37
		_spi_send      		CODE           	6C52	0000	45
		_spi_receive   		CODE           	6C7E	0000	47

../../picSD-master/spi.c estimated size: 165

C:\Program Files\Microchip\xc8\v1.44\sources\common\Umul16.c
		___wmul        		CODE           	6C2C	0000	39

C:\Program Files\Microchip\xc8\v1.44\sources\common\Umul16.c estimated size: 39

C:\Program Files\Microchip\xc8\v1.44\sources\common\lwdiv.c
		___lwdiv       		CODE           	6EA2	0000	83

C:\Program Files\Microchip\xc8\v1.44\sources\common\lwdiv.c estimated size: 83

C:\Program Files\Microchip\xc8\v1.44\sources\common\lldiv.c
		___lldiv       		CODE           	70DE	0000	131

C:\Program Files\Microchip\xc8\v1.44\sources\common\lldiv.c estimated size: 131

C:\Program Files\Microchip\xc8\v1.44\sources\common\Umul32.c
		___lmul        		CODE           	6F48	0000	87

C:\Program Files\Microchip\xc8\v1.44\sources\common\Umul32.c estimated size: 87

../../picSD-master/sdcard.c
		_SDcard_init   		CODE           	7560	0000	307
		_SDcard_get_response		CODE           	6CAC	0000	59
		_SDcard_read_block		CODE           	7064	0000	123
		_SDcard_write_block		CODE           	7462	0000	255

../../picSD-master/sdcard.c estimated size: 744

C:\Program Files\Microchip\xc8\v1.44\sources\common\ltoa.c
		_ltoa          		CODE           	6E50	0000	83
		_ultoa         		CODE           	736C	0000	247

C:\Program Files\Microchip\xc8\v1.44\sources\common\ltoa.c estimated size: 330

../../picSD-master/main.c
		_main          		CODE           	6D6A	0000	71

../../picSD-master/main.c estimated size: 71

shared
		__initialization		CODE           	6DB0	0000	69

shared estimated size: 69

C:\Program Files\Microchip\xc8\v1.44\sources\common\itoa.c
		_itoa          		CODE           	6D28	0000	67
		_utoa          		CODE           	71EC	0000	165

C:\Program Files\Microchip\xc8\v1.44\sources\common\itoa.c estimated size: 232

C:\Program Files\Microchip\xc8\v1.44\sources\common\lwmod.c
		___lwmod       		CODE           	6CE6	0000	67

C:\Program Files\Microchip\xc8\v1.44\sources\common\lwmod.c estimated size: 67

C:\Program Files\Microchip\xc8\v1.44\sources\common\llmod.c
		___llmod       		CODE           	6FFE	0000	103

C:\Program Files\Microchip\xc8\v1.44\sources\common\llmod.c estimated size: 103

../../picSD-master/uart.c
		_uart_init     		CODE           	6EF4	0000	85
		_uart_putc     		CODE           	6BC4	0000	13
		_uart_puts     		CODE           	6DFE	0000	83

../../picSD-master/uart.c estimated size: 181

