Microchip MPLAB XC8 Compiler V1.44 ()

Linker command line:

--edf=C:\Program Files\Microchip\xc8\v1.44\dat\en_msgs.txt -cs \
  -h+dist/default/production\ADCTIMER.X.production.sym \
  --cmf=dist/default/production\ADCTIMER.X.production.cmf -z -Q12F675 \
  -oC:\Users\admin\AppData\Local\Temp\sqfg.2 \
  -Mdist/default/production/ADCTIMER.X.production.map -E1 -ver=XC8 \
  -ASTACK=03Ah-05dh -pstack=STACK -ACODE=00h-03FEh -ASTRCODE=00h-03FEh \
  -ASTRING=00h-0FFhx3,0300h-03FEh -ACONST=00h-0FFhx3,0300h-03FEh \
  -AENTRY=00h-0FFhx3,0300h-03FEh -ABANK0=020h-05Dh -ARAM=020h-05Dh \
  -AABS1=020h-05Fh -ACOMMON=05Eh-05Fh -ASFR0=00h-01Fh -ASFR1=080h-0DDh \
  -preset_vec=00h,intentry,init,end_init -ppowerup=CODE -pcinit=CODE \
  -pfunctab=ENTRY -ACONFIG=02007h-02007h -pconfig=CONFIG -DCONFIG=2 \
  -AIDLOC=02000h-02003h -pidloc=IDLOC -DIDLOC=2 -AEEDATA=00h-07Fh/02100h \
  -peeprom_data=EEDATA -DEEDATA=2 -posccal=03FFh -DCODE=2 -DSTRCODE=2 \
  -DSTRING=2 -DCONST=2 -DENTRY=2 -k \
  C:\Users\admin\AppData\Local\Temp\sqfg.obj \
  dist/default/production\ADCTIMER.X.production.obj 

Object code version is 3.11

Machine type is 12F675



                Name                               Link     Load   Length Selector   Space Scale
C:\Users\admin\AppData\Local\Temp\sqfg.obj
                end_init                              0        0        1        0       0
                config                             2007     2007        1     400E       0
dist/default/production\ADCTIMER.X.production.obj
                cinit                               3FD      3FD        2      7FA       0
                text1                               1BA      1BA       2D      374       0
                maintext                            1E7      1E7      216      3CE       0
                cstackBANK0                          20       20       1A       20       1

TOTAL           Name                               Link     Load   Length     Space
        CLASS   STACK          

        CLASS   CODE           
                end_init                              0        0        1         0
                cinit                               3FD      3FD        2         0
                text1                               1BA      1BA       2D         0
                maintext                            1E7      1E7      216         0

        CLASS   STRCODE        

        CLASS   STRING         

        CLASS   CONST          

        CLASS   ENTRY          

        CLASS   BANK0          
                cstackBANK0                          20       20       1A         1

        CLASS   RAM            

        CLASS   ABS1           
                abs_s1                               5E       5E        2         1

        CLASS   COMMON         

        CLASS   SFR0           

        CLASS   SFR1           

        CLASS   CONFIG         
                config                             2007     2007        1         0

        CLASS   IDLOC          

        CLASS   EEDATA         

        CLASS   BANK1          



SEGMENTS        Name                           Load    Length   Top    Selector   Space  Class     Delta

                reset_vec                      000000  000001  000001         0       0  CODE        2
                cstackBANK0                    000020  00001A  00003A        20       1  BANK0       1
                text1                          0001BA  00002D  0001E7       374       0  CODE        2
                maintext                       0001E7  000216  0003FD       3CE       0  CODE        2
                cinit                          0003FD  000002  0003FF       7FA       0  CODE        2
                config                         002007  000001  002008      400E       0  CONFIG      2


UNUSED ADDRESS RANGES

        Name                Unused          Largest block    Delta
        BANK0            003A-005D             24           1
        CODE             0001-01B9            1B9           2
        CONST            0001-01B9             FF           2
        EEDATA           2100-217F             80           2
        ENTRY            0001-01B9             FF           2
        IDLOC            2000-2003              4           2
        RAM              003A-005D             24           1
        SFR0             0000-001F             20           1
        SFR1             0080-00DD             5E           1
        STACK            003A-005D             24           1
        STRCODE          0001-01B9            1B9           2
        STRING           0001-01B9             FF           2

                                  Symbol Table

?_GetADCValue            cstackBANK0 0020
GetADCValue@Channel      cstackBANK0 0024
_ADCON0                  (abs)       001F
_ADRESH                  (abs)       001E
_ADRESL                  (abs)       009E
_ANSEL                   (abs)       009F
_CMCON                   (abs)       0019
_GO_nDONE                (abs)       00F9
_GP0                     (abs)       0028
_GP2                     (abs)       002A
_GetADCValue             text1       01BA
_OPTION_REG              (abs)       0081
_T0IF                    (abs)       005A
_TMR0                    (abs)       0001
_TRISIO0                 (abs)       0428
_TRISIO1                 (abs)       0429
_TRISIO2                 (abs)       042A
_TRISIO3                 (abs)       042B
_TRISIO4                 (abs)       042C
_TRISIO5                 (abs)       042D
_VRCON                   (abs)       0099
__CFG_BOREN$ON           (abs)       0000
__CFG_CP$OFF             (abs)       0000
__CFG_CPD$OFF            (abs)       0000
__CFG_FOSC$INTRCIO       (abs)       0000
__CFG_MCLRE$OFF          (abs)       0000
__CFG_PWRTE$OFF          (abs)       0000
__CFG_WDTE$OFF           (abs)       0000
__Habs1                  abs1        07FE
__Hbank0                 bank0       07FE
__Hbank1                 bank1       07FE
__Hcinit                 cinit       03FF
__Hclrtext               clrtext     07FE
__Hcode                  code        07FE
__Hcommon                common      07FE
__Hconfig                config      2008
__HcstackBANK0           cstackBANK0 07FE
__Heeprom_data           eeprom_data 0000
__Hend_init              end_init    0001
__Hfunctab               functab     0000
__Hidloc                 idloc       0000
__Hinit                  init        0000
__Hintentry              intentry    0000
__Hmaintext              maintext    07FE
__Hosccal                osccal      03FF
__Hpowerup               powerup     0000
__Hram                   ram         07FE
__Hreset_vec             reset_vec   0000
__Hsfr0                  sfr0        07FE
__Hsfr1                  sfr1        07FE
__Hspace_0               (abs)       2008
__Hspace_1               (abs)       07FE
__Hspace_2               (abs)       0000
__Hspace_3               (abs)       0000
__Hstack                 stack       0000
__Hstrings               strings     07FE
__Htext                  text        07FE
__Labs1                  abs1        07FE
__Lbank0                 bank0       07FE
__Lbank1                 bank1       07FE
__Lcinit                 cinit       03FD
__Lclrtext               clrtext     07FE
__Lcode                  code        07FE
__Lcommon                common      07FE
__Lconfig                config      2007
__LcstackBANK0           cstackBANK0 07FE
__Leeprom_data           eeprom_data 0000
__Lend_init              end_init    0000
__Lfunctab               functab     0000
__Lidloc                 idloc       0000
__Linit                  init        0000
__Lintentry              intentry    0000
__Lmaintext              maintext    07FE
__Losccal                osccal      03FF
__Lpowerup               powerup     0000
__Lram                   ram         07FE
__Lreset_vec             reset_vec   0000
__Lsfr0                  sfr0        07FE
__Lsfr1                  sfr1        07FE
__Lspace_0               (abs)       0000
__Lspace_1               (abs)       0000
__Lspace_2               (abs)       0000
__Lspace_3               (abs)       0000
__Lstack                 stack       0000
__Lstrings               strings     07FE
__Ltext                  text        07FE
__S0                     (abs)       2008
__S1                     (abs)       003A
__S2                     (abs)       0000
__S3                     (abs)       0000
___int_sp                stack       0000
___latbits               (abs)       0000
___osccal_val            osccal      03FF
___sp                    stack       0000
__end_of_GetADCValue     text1       01E7
__end_of__initialization cinit       03FD
__end_of_main            maintext    03FD
__initialization         cinit       03FD
__pcstackBANK0           cstackBANK0 0020
__pmaintext              maintext    01E7
__ptext1                 text1       01BA
__size_of_GetADCValue    (abs)       0000
__size_of_main           (abs)       0000
_main                    maintext    01E7
btemp                    (abs)       005E
end_of_initialization    cinit       03FD
intlevel0                functab     0000
intlevel1                functab     0000
intlevel2                functab     0000
intlevel3                functab     0000
intlevel4                functab     0000
intlevel5                functab     0000
main@ADC1                cstackBANK0 0036
main@ADC2                cstackBANK0 0038
main@ADC_value           cstackBANK0 0026
main@ADC_value1          cstackBANK0 0028
main@TIMERM              cstackBANK0 0032
main@TIMERS              cstackBANK0 0034
main@count               cstackBANK0 002C
main@counts              cstackBANK0 002E
main@ledf                cstackBANK0 0030
main@off                 cstackBANK0 002A
reset_vec                reset_vec   0000
stackhi                  (abs)       0000
stacklo                  (abs)       0000
start                    init        0000
start_initialization     cinit       03FD
wtemp0                   (abs)       005E


FUNCTION INFORMATION:

 *************** function _main *****************
 Defined at:
		line 65 in file "adctimer.c"
 Parameters:    Size  Location     Type
		None
 Auto vars:     Size  Location     Type
  ADC2            2   24[BANK0 ] int 
  ADC1            2   22[BANK0 ] int 
  TIMERS          2   20[BANK0 ] int 
  TIMERM          2   18[BANK0 ] int 
  ledf            2   16[BANK0 ] int 
  counts          2   14[BANK0 ] int 
  count           2   12[BANK0 ] int 
  off             2   10[BANK0 ] int 
  ADC_value1      2    8[BANK0 ] unsigned int 
  ADC_value       2    6[BANK0 ] unsigned int 
 Return value:  Size  Location     Type
                  1    wreg      void 
 Registers used:
		wreg, fsr0l, fsr0h, status,2, status,0, btemp+1, pclath, cstack
 Tracked objects:
		On entry : 
		On exit  : 
		Unchanged: 
 Data sizes:     COMMON   BANK0
      Params:         0       0
      Locals:         0      20
      Temps:          0       1
      Totals:         0      21
Total ram usage:       21 bytes
 Hardware stack levels required when called:    1
 This function calls:
		_GetADCValue
 This function is called by:
		Startup code after reset
 This function uses a non-reentrant model


 *************** function _GetADCValue *****************
 Defined at:
		line 36 in file "adctimer.c"
 Parameters:    Size  Location     Type
  Channel         1    wreg     unsigned char 
 Auto vars:     Size  Location     Type
  Channel         1    4[BANK0 ] unsigned char 
 Return value:  Size  Location     Type
                  2    0[BANK0 ] unsigned int 
 Registers used:
		wreg, fsr0l, fsr0h, status,2, status,0
 Tracked objects:
		On entry : 
		On exit  : 
		Unchanged: 
 Data sizes:     COMMON   BANK0
      Params:         0       2
      Locals:         0       1
      Temps:          0       2
      Totals:         0       5
Total ram usage:        5 bytes
 Hardware stack levels used:    1
 This function calls:
		Nothing
 This function is called by:
		_main
 This function uses a non-reentrant model



MODULE INFORMATION

Module		Function		Class		Link	Load	Size
adctimer.c
		_main          		CODE           	01E7	0000	535
		_GetADCValue   		CODE           	01BA	0000	46

adctimer.c estimated size: 581

shared
		__initialization		CODE           	03FD	0000	1

shared estimated size: 1

