Microchip MPLAB XC8 Compiler V1.44 ()

Linker command line:

--edf=C:\Program Files\Microchip\xc8\v1.44\dat\en_msgs.txt -cs \
  -h+dist/default/production\BREWMASTER.X.production.sym \
  --cmf=dist/default/production\BREWMASTER.X.production.cmf -z -Q16F886 \
  -oC:\Users\admin\AppData\Local\Temp\sf2o.2 \
  -Mdist/default/production/BREWMASTER.X.production.map -E1 -ver=XC8 \
  -ASTACK=0110h-016fh -pstack=STACK -ACODE=00h-07FFhx4 -ASTRCODE=00h-01FFFh \
  -ASTRING=00h-0FFhx32 -ACONST=00h-0FFhx32 -AENTRY=00h-0FFhx32 \
  -ACOMMON=070h-07Fh -ABANK0=020h-06Fh -ABANK1=0A0h-0EFh \
  -ABANK2=0110h-016Fh -ABANK3=0190h-01EFh \
  -ARAM=020h-06Fh,0A0h-0EFh,0110h-016Fh,0190h-01EFh \
  -AABS1=020h-07Fh,0A0h-0EFh,0110h-016Fh,0190h-01EFh -ASFR0=00h-01Fh \
  -ASFR1=080h-09Fh -ASFR2=0100h-010Fh -ASFR3=0180h-018Fh \
  -preset_vec=00h,intentry,init,end_init -ppowerup=CODE -pcinit=CODE \
  -pfunctab=ENTRY -ACONFIG=02007h-02008h -pconfig=CONFIG -DCONFIG=2 \
  -AIDLOC=02000h-02003h -pidloc=IDLOC -DIDLOC=2 -AEEDATA=00h-0FFh/02100h \
  -peeprom_data=EEDATA -DEEDATA=2 -DCODE=2 -DSTRCODE=2 -DSTRING=2 -DCONST=2 \
  -DENTRY=2 -k C:\Users\admin\AppData\Local\Temp\sf2o.obj \
  dist/default/production\BREWMASTER.X.production.obj 

Object code version is 3.11

Machine type is 16F886



                Name                               Link     Load   Length Selector   Space Scale
C:\Users\admin\AppData\Local\Temp\sf2o.obj
                end_init                              0        0        3        0       0
                config                             2007     2007        2     400E       0
dist/default/production\BREWMASTER.X.production.obj
                cinit                               7FC      7FC        4      FF8       0
                text19                              F0C      F0C       1A     1E18       0
                text18                              F26      F26       1A     1E4C       0
                text17                              F01      F01        B     1E02       0
                text16                              2CA      2CA       5B      594       0
                text15                              226      226       4A      44C       0
                text14                              13D      13D       37      27A       0
                text13                              F61      F61       22     1EC2       0
                text12                              F40      F40       21     1E80       0
                text11                               BB       BB       1B      176       0
                text10                              174      174       39      2E8       0
                text9                               1AD      1AD       3C      35A       0
                text8                               FCE      FCE       32     1F9C       0
                text7                               FA8      FA8       26     1F50       0
                text6                               109      109       34      212       0
                text5                                D6       D6       33      1AC       0
                text4                               F83      F83       25     1F06       0
                text3                               1E9      1E9       3D      3D2       0
                text2                               325      325       5B      64A       0
                text1                               270      270       5A      4E0       0
                maintext                            380      380      47C      700       0
                cstackBANK0                          20       20       18       20       1
                cstackCOMMON                         70       70        E       70       1
                strings                               3        3       B7        6       0

TOTAL           Name                               Link     Load   Length     Space
        CLASS   STACK          

        CLASS   CODE           
                end_init                              0        0        3         0
                cinit                               7FC      7FC        4         0
                text19                              F0C      F0C       1A         0
                text18                              F26      F26       1A         0
                text17                              F01      F01        B         0
                text16                              2CA      2CA       5B         0
                text15                              226      226       4A         0
                text14                              13D      13D       37         0
                text13                              F61      F61       22         0
                text12                              F40      F40       21         0
                text11                               BB       BB       1B         0
                text10                              174      174       39         0
                text9                               1AD      1AD       3C         0
                text8                               FCE      FCE       32         0
                text7                               FA8      FA8       26         0
                text6                               109      109       34         0
                text5                                D6       D6       33         0
                text4                               F83      F83       25         0
                text3                               1E9      1E9       3D         0
                text2                               325      325       5B         0
                text1                               270      270       5A         0
                maintext                            380      380      47C         0

        CLASS   STRCODE        

        CLASS   STRING         
                strings                               3        3       B7         0

        CLASS   CONST          

        CLASS   ENTRY          

        CLASS   COMMON         
                cstackCOMMON                         70       70        E         1

        CLASS   BANK0          
                cstackBANK0                          20       20       18         1

        CLASS   BANK1          

        CLASS   BANK2          

        CLASS   BANK3          

        CLASS   RAM            

        CLASS   ABS1           
                abs_s1                               7E       7E        2         1

        CLASS   SFR0           

        CLASS   SFR1           

        CLASS   SFR2           

        CLASS   SFR3           

        CLASS   CONFIG         
                config                             2007     2007        2         0

        CLASS   IDLOC          

        CLASS   EEDATA         



SEGMENTS        Name                           Load    Length   Top    Selector   Space  Class     Delta

                reset_vec                      000000  000003  000003         0       0  CODE        2
                strings                        000003  0000B7  0000BA         6       0  STRING      2
                cstackBANK0                    000020  000018  000038        20       1  BANK0       1
                cstackCOMMON                   000070  00000E  00007E        70       1  COMMON      1
                text11                         0000BB  00001B  0000D6       176       0  CODE        2
                text5                          0000D6  000033  000109       1AC       0  CODE        2
                text6                          000109  000034  00013D       212       0  CODE        2
                text14                         00013D  000037  000174       27A       0  CODE        2
                text10                         000174  000039  0001AD       2E8       0  CODE        2
                text9                          0001AD  00003C  0001E9       35A       0  CODE        2
                text3                          0001E9  00003D  000226       3D2       0  CODE        2
                text15                         000226  00004A  000270       44C       0  CODE        2
                text1                          000270  00005A  0002CA       4E0       0  CODE        2
                text16                         0002CA  00005B  000325       594       0  CODE        2
                text2                          000325  00005B  000380       64A       0  CODE        2
                maintext                       000380  00047C  0007FC       700       0  CODE        2
                cinit                          0007FC  000004  000800       FF8       0  CODE        2
                text17                         000F01  00000B  000F0C      1E02       0  CODE        2
                text19                         000F0C  00001A  000F26      1E18       0  CODE        2
                text18                         000F26  00001A  000F40      1E4C       0  CODE        2
                text12                         000F40  000021  000F61      1E80       0  CODE        2
                text13                         000F61  000022  000F83      1EC2       0  CODE        2
                text4                          000F83  000025  000FA8      1F06       0  CODE        2
                text7                          000FA8  000026  000FCE      1F50       0  CODE        2
                text8                          000FCE  000032  001000      1F9C       0  CODE        2
                config                         002007  000002  002009      400E       0  CONFIG      2


UNUSED ADDRESS RANGES

        Name                Unused          Largest block    Delta
        BANK0            0038-006F             38           1
        BANK1            00A0-00EF             50           1
        BANK2            0110-016F             60           1
        BANK3            0190-01EF             60           1
        CODE             00BA-00BA              1           2
                         0800-0F00            701
                         1000-1FFF            800
        CONST            00BA-00BA              1           2
                         0800-0F00            100
                         1000-1FFF            100
        EEDATA           2100-21FF            100           2
        ENTRY            00BA-00BA              1           2
                         0800-0F00            100
                         1000-1FFF            100
        IDLOC            2000-2003              4           2
        RAM              0038-006F             38           1
                         00A0-00EF             50
                         0110-016F             60
                         0190-01EF             60
        SFR0             0000-001F             20           1
        SFR1             0080-009F             20           1
        SFR2             0100-010F             10           1
        SFR3             0180-018F             10           1
        STACK            0110-016F             60           1
        STRCODE          00BA-00BA              1           2
                         0800-0F00            701
                         1000-1FFF           1000
        STRING           00BA-00BA              1           2
                         0800-0F00            100
                         1000-1FFF            100

                                  Symbol Table

?_Read_EEPROM              cstackCOMMON 0076
?___lwdiv                  cstackCOMMON 0070
?___lwmod                  cstackCOMMON 0070
?___wmul                   cstackCOMMON 0070
?_checktemp                cstackCOMMON 0074
Lcd_Cmd@a                  cstackCOMMON 0073
Lcd_Port@a                 cstackCOMMON 0070
Lcd_Set_Cursor@a           cstackCOMMON 0077
Lcd_Set_Cursor@b           cstackCOMMON 0074
Lcd_Set_Cursor@temp        cstackCOMMON 007A
Lcd_Set_Cursor@y           cstackCOMMON 0079
Lcd_Set_Cursor@z           cstackCOMMON 0078
Lcd_Write_Char@a           cstackCOMMON 0074
Lcd_Write_Char@temp        cstackCOMMON 0072
Lcd_Write_Char@y           cstackCOMMON 0073
Lcd_Write_String@a         cstackCOMMON 0077
Lcd_Write_String@i         cstackCOMMON 0075
Read_EEPROM@b1             cstackBANK0  0020
Read_EEPROM@b2             cstackCOMMON 0076
Read_EEPROM@c1             cstackBANK0  0021
Read_EEPROM@c2             cstackBANK0  0023
Write_EEPROM@a1            cstackBANK0  0021
Write_EEPROM@a2            cstackCOMMON 007B
Write_EEPROM@data_value    cstackCOMMON 007C
_ANSEL                     (abs)        0188
_ANSELH                    (abs)        0189
_CARRY                     (abs)        0018
_EEADR                     (abs)        010D
_EECON1                    (abs)        018C
_EECON2                    (abs)        018D
_EEDATA                    (abs)        010C
_GIE                       (abs)        005F
_IOCB                      (abs)        0096
_Lcd_Clear                 text17       0F01
_Lcd_Cmd                   text18       0F26
_Lcd_Init                  text16       02CA
_Lcd_Port                  text19       0F0C
_Lcd_Set_Cursor            text15       0226
_Lcd_Write_Char            text14       013D
_Lcd_Write_String          text13       0F61
_OPTION_REG                (abs)        0081
_OSCCON                    (abs)        008F
_RA0                       (abs)        0028
_RA1                       (abs)        0029
_RB0                       (abs)        0030
_RB1                       (abs)        0031
_RB2                       (abs)        0032
_RB3                       (abs)        0033
_RB4                       (abs)        0034
_RB5                       (abs)        0035
_RB6                       (abs)        0036
_RB7                       (abs)        0037
_RC0                       (abs)        0038
_RC3                       (abs)        003B
_RC4                       (abs)        003C
_RC5                       (abs)        003D
_RD                        (abs)        0C60
_Read_EEPROM               text10       0174
_TRISA                     (abs)        0085
_TRISB                     (abs)        0086
_TRISC                     (abs)        0087
_TRISC3                    (abs)        043B
_WPUB                      (abs)        0095
_WR                        (abs)        0C61
_WREN                      (abs)        0C62
_Write_EEPROM              text6        0109
__CFG_BOR4V$BOR40V         (abs)        0000
__CFG_BOREN$ON             (abs)        0000
__CFG_CP$OFF               (abs)        0000
__CFG_CPD$OFF              (abs)        0000
__CFG_FCMEN$OFF            (abs)        0000
__CFG_FOSC$INTRC_CLKOUT    (abs)        0000
__CFG_IESO$OFF             (abs)        0000
__CFG_LVP$OFF              (abs)        0000
__CFG_MCLRE$OFF            (abs)        0000
__CFG_PWRTE$OFF            (abs)        0000
__CFG_WDTE$OFF             (abs)        0000
__CFG_WRT$OFF              (abs)        0000
__Habs1                    abs1         0000
__Hbank0                   bank0        0000
__Hbank1                   bank1        0000
__Hbank2                   bank2        0000
__Hbank3                   bank3        0000
__Hcinit                   cinit        0800
__Hclrtext                 clrtext      0000
__Hcode                    code         0000
__Hcommon                  common       0000
__Hconfig                  config       2009
__HcstackBANK0             cstackBANK0  0000
__HcstackCOMMON            cstackCOMMON 0000
__Heeprom_data             eeprom_data  0000
__Hend_init                end_init     0003
__Hfunctab                 functab      0000
__Hidloc                   idloc        0000
__Hinit                    init         0000
__Hintentry                intentry     0000
__Hmaintext                maintext     0000
__Hpowerup                 powerup      0000
__Hram                     ram          0000
__Hreset_vec               reset_vec    0000
__Hsfr0                    sfr0         0000
__Hsfr1                    sfr1         0000
__Hsfr2                    sfr2         0000
__Hsfr3                    sfr3         0000
__Hspace_0                 (abs)        2009
__Hspace_1                 (abs)        007E
__Hspace_2                 (abs)        0000
__Hspace_3                 (abs)        0000
__Hstack                   stack        0000
__Hstrings                 strings      0000
__Htext                    text         0000
__Labs1                    abs1         0000
__Lbank0                   bank0        0000
__Lbank1                   bank1        0000
__Lbank2                   bank2        0000
__Lbank3                   bank3        0000
__Lcinit                   cinit        07FC
__Lclrtext                 clrtext      0000
__Lcode                    code         0000
__Lcommon                  common       0000
__Lconfig                  config       2007
__LcstackBANK0             cstackBANK0  0000
__LcstackCOMMON            cstackCOMMON 0000
__Leeprom_data             eeprom_data  0000
__Lend_init                end_init     0000
__Lfunctab                 functab      0000
__Lidloc                   idloc        0000
__Linit                    init         0000
__Lintentry                intentry     0000
__Lmaintext                maintext     0000
__Lpowerup                 powerup      0000
__Lram                     ram          0000
__Lreset_vec               reset_vec    0000
__Lsfr0                    sfr0         0000
__Lsfr1                    sfr1         0000
__Lsfr2                    sfr2         0000
__Lsfr3                    sfr3         0000
__Lspace_0                 (abs)        0000
__Lspace_1                 (abs)        0000
__Lspace_2                 (abs)        0000
__Lspace_3                 (abs)        0000
__Lstack                   stack        0000
__Lstrings                 strings      0000
__Ltext                    text         0000
__S0                       (abs)        2009
__S1                       (abs)        007E
__S2                       (abs)        0000
__S3                       (abs)        0000
___int_sp                  stack        0000
___latbits                 (abs)        0002
___lwdiv                   text9        01AD
___lwdiv@counter           cstackCOMMON 0077
___lwdiv@dividend          cstackCOMMON 0072
___lwdiv@divisor           cstackCOMMON 0070
___lwdiv@quotient          cstackCOMMON 0075
___lwmod                   text8        0FCE
___lwmod@counter           cstackCOMMON 0075
___lwmod@dividend          cstackCOMMON 0072
___lwmod@divisor           cstackCOMMON 0070
___sp                      stack        0000
___wmul                    text12       0F40
___wmul@multiplicand       cstackCOMMON 0072
___wmul@multiplier         cstackCOMMON 0070
___wmul@product            cstackCOMMON 0074
__end_of_Lcd_Clear         text17       0F0C
__end_of_Lcd_Cmd           text18       0F40
__end_of_Lcd_Init          text16       0325
__end_of_Lcd_Port          text19       0F26
__end_of_Lcd_Set_Cursor    text15       0270
__end_of_Lcd_Write_Char    text14       0174
__end_of_Lcd_Write_String  text13       0F83
__end_of_Read_EEPROM       text10       01AD
__end_of_Write_EEPROM      text6        013D
__end_of___lwdiv           text9        01E9
__end_of___lwmod           text8        1000
__end_of___wmul            text12       0F61
__end_of__initialization   cinit        07FC
__end_of__stringtab        strings      0009
__end_of_checktemp         text2        0380
__end_of_eeprom_read       text11       00D6
__end_of_eeprom_write      text7        0FCE
__end_of_lcddisplay        text1        02CA
__end_of_main              maintext     07FC
__end_of_read              text5        0109
__end_of_reset             text4        0FA8
__end_of_write             text3        0226
__initialization           cinit        07FC
__pcstackBANK0             cstackBANK0  0020
__pcstackCOMMON            cstackCOMMON 0070
__pmaintext                maintext     0380
__pstrings                 strings      0003
__ptext1                   text1        0270
__ptext10                  text10       0174
__ptext11                  text11       00BB
__ptext12                  text12       0F40
__ptext13                  text13       0F61
__ptext14                  text14       013D
__ptext15                  text15       0226
__ptext16                  text16       02CA
__ptext17                  text17       0F01
__ptext18                  text18       0F26
__ptext19                  text19       0F0C
__ptext2                   text2        0325
__ptext3                   text3        01E9
__ptext4                   text4        0F83
__ptext5                   text5        00D6
__ptext6                   text6        0109
__ptext7                   text7        0FA8
__ptext8                   text8        0FCE
__ptext9                   text9        01AD
__size_of_Lcd_Clear        (abs)        0000
__size_of_Lcd_Cmd          (abs)        0000
__size_of_Lcd_Init         (abs)        0000
__size_of_Lcd_Port         (abs)        0000
__size_of_Lcd_Set_Cursor   (abs)        0000
__size_of_Lcd_Write_Char   (abs)        0000
__size_of_Lcd_Write_String (abs)        0000
__size_of_Read_EEPROM      (abs)        0000
__size_of_Write_EEPROM     (abs)        0000
__size_of___lwdiv          (abs)        0000
__size_of___lwmod          (abs)        0000
__size_of___wmul           (abs)        0000
__size_of_checktemp        (abs)        0000
__size_of_eeprom_read      (abs)        0000
__size_of_eeprom_write     (abs)        0000
__size_of_lcddisplay       (abs)        0000
__size_of_main             (abs)        0000
__size_of_read             (abs)        0000
__size_of_reset            (abs)        0000
__size_of_write            (abs)        0000
__stringbase               strings      0008
__stringtab                strings      0003
_checktemp                 text2        0325
_eeprom_read               text11       00BB
_eeprom_write              text7        0FA8
_lcddisplay                text1        0270
_main                      maintext     0380
_read                      text5        00D6
_reset                     text4        0F83
_write                     text3        01E9
btemp                      (abs)        007E
checktemp@temp             cstackCOMMON 007C
checktemp@tempH            cstackCOMMON 007A
checktemp@tempL            cstackCOMMON 0078
eeprom_read@addr           cstackCOMMON 0071
eeprom_write@addr          cstackCOMMON 007A
eeprom_write@value         cstackCOMMON 0078
end_of_initialization      cinit        07FC
intlevel0                  functab      0000
intlevel1                  functab      0000
intlevel2                  functab      0000
intlevel3                  functab      0000
intlevel4                  functab      0000
intlevel5                  functab      0000
lcddisplay@num             cstackCOMMON 0078
main@curs                  cstackBANK0  002C
main@highval               cstackBANK0  0036
main@lowval                cstackBANK0  0034
main@open                  cstackBANK0  0028
main@password              cstackBANK0  0032
main@prg                   cstackBANK0  002A
main@switchsel             cstackBANK0  0030
main@tempval               cstackBANK0  002E
read@i                     cstackCOMMON 0073
read@result                cstackCOMMON 0072
reset_vec                  reset_vec    0000
stackhi                    (abs)        0000
stacklo                    (abs)        0000
start                      init         0000
start_initialization       cinit        07FC
write@Cmd                  cstackCOMMON 0072
write@WRT                  cstackCOMMON 0071
write@i                    cstackCOMMON 0073
wtemp0                     (abs)        007E


FUNCTION INFORMATION:

 *************** function _main *****************
 Defined at:
		line 304 in file "mainbrew.c"
 Parameters:    Size  Location     Type
		None
 Auto vars:     Size  Location     Type
  highval         2   22[BANK0 ] int 
  lowval          2   20[BANK0 ] int 
  password        2   18[BANK0 ] int 
  switchsel       2   16[BANK0 ] int 
  tempval         2   14[BANK0 ] int 
  curs            2   12[BANK0 ] int 
  prg             2   10[BANK0 ] int 
  open            2    8[BANK0 ] int 
 Return value:  Size  Location     Type
                  2  129[None  ] int 
 Registers used:
		wreg, fsr0l, fsr0h, status,2, status,0, btemp+1, pclath, cstack
 Tracked objects:
		On entry : 
		On exit  : 
		Unchanged: 
 Data sizes:     COMMON   BANK0   BANK1   BANK3   BANK2
      Params:         0       0       0       0       0
      Locals:         0      16       0       0       0
      Temps:          0       3       0       0       0
      Totals:         0      19       0       0       0
Total ram usage:       19 bytes
 Hardware stack levels required when called:    3
 This function calls:
		_Lcd_Clear
		_Lcd_Init
		_Lcd_Set_Cursor
		_Lcd_Write_Char
		_Lcd_Write_String
		_Read_EEPROM
		_Write_EEPROM
		_checktemp
		_lcddisplay
 This function is called by:
		Startup code after reset
 This function uses a non-reentrant model


 *************** function _lcddisplay *****************
 Defined at:
		line 255 in file "mainbrew.c"
 Parameters:    Size  Location     Type
  num             2    8[COMMON] unsigned int 
 Auto vars:     Size  Location     Type
		None
 Return value:  Size  Location     Type
                  1    wreg      void 
 Registers used:
		wreg, status,2, status,0, pclath, cstack
 Tracked objects:
		On entry : 
		On exit  : 
		Unchanged: 
 Data sizes:     COMMON   BANK0   BANK1   BANK3   BANK2
      Params:         2       0       0       0       0
      Locals:         0       0       0       0       0
      Temps:          0       0       0       0       0
      Totals:         2       0       0       0       0
Total ram usage:        2 bytes
 Hardware stack levels used:    1
 Hardware stack levels required when called:    2
 This function calls:
		_Lcd_Write_Char
		___lwdiv
		___lwmod
 This function is called by:
		_main
 This function uses a non-reentrant model


 *************** function _checktemp *****************
 Defined at:
		line 231 in file "mainbrew.c"
 Parameters:    Size  Location     Type
		None
 Auto vars:     Size  Location     Type
  temp            2   12[COMMON] unsigned int 
  tempH           2   10[COMMON] unsigned short 
  tempL           2    8[COMMON] unsigned short 
 Return value:  Size  Location     Type
                  2    4[COMMON] int 
 Registers used:
		wreg, status,2, status,0, pclath, cstack
 Tracked objects:
		On entry : 
		On exit  : 
		Unchanged: 
 Data sizes:     COMMON   BANK0   BANK1   BANK3   BANK2
      Params:         2       0       0       0       0
      Locals:         6       0       0       0       0
      Temps:          2       0       0       0       0
      Totals:        10       0       0       0       0
Total ram usage:       10 bytes
 Hardware stack levels used:    1
 Hardware stack levels required when called:    1
 This function calls:
		_read
		_reset
		_write
 This function is called by:
		_main
 This function uses a non-reentrant model


 *************** function _write *****************
 Defined at:
		line 183 in file "mainbrew.c"
 Parameters:    Size  Location     Type
  WRT             1    wreg     unsigned char 
 Auto vars:     Size  Location     Type
  WRT             1    1[COMMON] unsigned char 
  i               1    3[COMMON] unsigned char 
  Cmd             1    2[COMMON] unsigned char 
 Return value:  Size  Location     Type
                  1    wreg      void 
 Registers used:
		wreg, status,2, status,0
 Tracked objects:
		On entry : 
		On exit  : 
		Unchanged: 
 Data sizes:     COMMON   BANK0   BANK1   BANK3   BANK2
      Params:         0       0       0       0       0
      Locals:         3       0       0       0       0
      Temps:          1       0       0       0       0
      Totals:         4       0       0       0       0
Total ram usage:        4 bytes
 Hardware stack levels used:    1
 This function calls:
		Nothing
 This function is called by:
		_checktemp
 This function uses a non-reentrant model


 *************** function _reset *****************
 Defined at:
		line 161 in file "mainbrew.c"
 Parameters:    Size  Location     Type
		None
 Auto vars:     Size  Location     Type
		None
 Return value:  Size  Location     Type
                  1    wreg      unsigned char 
 Registers used:
		wreg
 Tracked objects:
		On entry : 
		On exit  : 
		Unchanged: 
 Data sizes:     COMMON   BANK0   BANK1   BANK3   BANK2
      Params:         0       0       0       0       0
      Locals:         0       0       0       0       0
      Temps:          1       0       0       0       0
      Totals:         1       0       0       0       0
Total ram usage:        1 bytes
 Hardware stack levels used:    1
 This function calls:
		Nothing
 This function is called by:
		_checktemp
 This function uses a non-reentrant model


 *************** function _read *****************
 Defined at:
		line 213 in file "mainbrew.c"
 Parameters:    Size  Location     Type
		None
 Auto vars:     Size  Location     Type
  i               1    3[COMMON] unsigned char 
  result          1    2[COMMON] unsigned char 
 Return value:  Size  Location     Type
                  1    wreg      unsigned char 
 Registers used:
		wreg, status,2, status,0
 Tracked objects:
		On entry : 
		On exit  : 
		Unchanged: 
 Data sizes:     COMMON   BANK0   BANK1   BANK3   BANK2
      Params:         0       0       0       0       0
      Locals:         2       0       0       0       0
      Temps:          2       0       0       0       0
      Totals:         4       0       0       0       0
Total ram usage:        4 bytes
 Hardware stack levels used:    1
 This function calls:
		Nothing
 This function is called by:
		_checktemp
 This function uses a non-reentrant model


 *************** function _Write_EEPROM *****************
 Defined at:
		line 290 in file "mainbrew.c"
 Parameters:    Size  Location     Type
  a1              1    wreg     unsigned char 
  a2              1   11[COMMON] unsigned char 
  data_value      2   12[COMMON] unsigned int 
 Auto vars:     Size  Location     Type
  a1              1    1[BANK0 ] unsigned char 
 Return value:  Size  Location     Type
                  1    wreg      void 
 Registers used:
		wreg, status,2, status,0, pclath, cstack
 Tracked objects:
		On entry : 
		On exit  : 
		Unchanged: 
 Data sizes:     COMMON   BANK0   BANK1   BANK3   BANK2
      Params:         3       0       0       0       0
      Locals:         0       1       0       0       0
      Temps:          0       1       0       0       0
      Totals:         3       2       0       0       0
Total ram usage:        5 bytes
 Hardware stack levels used:    1
 Hardware stack levels required when called:    1
 This function calls:
		___lwdiv
		___lwmod
		_eeprom_write
 This function is called by:
		_main
 This function uses a non-reentrant model


 *************** function _eeprom_write *****************
 Defined at:
		line 6 in file "C:\Program Files\Microchip\xc8\v1.44\sources\pic\eewrite.c"
 Parameters:    Size  Location     Type
  addr            1    wreg     unsigned char 
  value           1    8[COMMON] unsigned char 
 Auto vars:     Size  Location     Type
  addr            1   10[COMMON] unsigned char 
 Return value:  Size  Location     Type
                  1    wreg      void 
 Registers used:
		wreg, status,2, status,0
 Tracked objects:
		On entry : 
		On exit  : 
		Unchanged: 
 Data sizes:     COMMON   BANK0   BANK1   BANK3   BANK2
      Params:         1       0       0       0       0
      Locals:         1       0       0       0       0
      Temps:          1       0       0       0       0
      Totals:         3       0       0       0       0
Total ram usage:        3 bytes
 Hardware stack levels used:    1
 This function calls:
		Nothing
 This function is called by:
		_Write_EEPROM
 This function uses a non-reentrant model


 *************** function ___lwmod *****************
 Defined at:
		line 6 in file "C:\Program Files\Microchip\xc8\v1.44\sources\common\lwmod.c"
 Parameters:    Size  Location     Type
  divisor         2    0[COMMON] unsigned int 
  dividend        2    2[COMMON] unsigned int 
 Auto vars:     Size  Location     Type
  counter         1    5[COMMON] unsigned char 
 Return value:  Size  Location     Type
                  2    0[COMMON] unsigned int 
 Registers used:
		wreg, status,2, status,0
 Tracked objects:
		On entry : 
		On exit  : 
		Unchanged: 
 Data sizes:     COMMON   BANK0   BANK1   BANK3   BANK2
      Params:         4       0       0       0       0
      Locals:         1       0       0       0       0
      Temps:          1       0       0       0       0
      Totals:         6       0       0       0       0
Total ram usage:        6 bytes
 Hardware stack levels used:    1
 This function calls:
		Nothing
 This function is called by:
		_lcddisplay
		_Write_EEPROM
 This function uses a non-reentrant model


 *************** function ___lwdiv *****************
 Defined at:
		line 6 in file "C:\Program Files\Microchip\xc8\v1.44\sources\common\lwdiv.c"
 Parameters:    Size  Location     Type
  divisor         2    0[COMMON] unsigned int 
  dividend        2    2[COMMON] unsigned int 
 Auto vars:     Size  Location     Type
  quotient        2    5[COMMON] unsigned int 
  counter         1    7[COMMON] unsigned char 
 Return value:  Size  Location     Type
                  2    0[COMMON] unsigned int 
 Registers used:
		wreg, status,2, status,0
 Tracked objects:
		On entry : 
		On exit  : 
		Unchanged: 
 Data sizes:     COMMON   BANK0   BANK1   BANK3   BANK2
      Params:         4       0       0       0       0
      Locals:         3       0       0       0       0
      Temps:          1       0       0       0       0
      Totals:         8       0       0       0       0
Total ram usage:        8 bytes
 Hardware stack levels used:    1
 This function calls:
		Nothing
 This function is called by:
		_lcddisplay
		_Write_EEPROM
 This function uses a non-reentrant model


 *************** function _Read_EEPROM *****************
 Defined at:
		line 296 in file "mainbrew.c"
 Parameters:    Size  Location     Type
  b1              1    wreg     unsigned char 
  b2              1    6[COMMON] unsigned char 
 Auto vars:     Size  Location     Type
  b1              1    0[BANK0 ] unsigned char 
  c2              2    3[BANK0 ] unsigned int 
  c1              2    1[BANK0 ] unsigned int 
 Return value:  Size  Location     Type
                  2    6[COMMON] unsigned int 
 Registers used:
		wreg, status,2, status,0, pclath, cstack
 Tracked objects:
		On entry : 
		On exit  : 
		Unchanged: 
 Data sizes:     COMMON   BANK0   BANK1   BANK3   BANK2
      Params:         2       0       0       0       0
      Locals:         0       5       0       0       0
      Temps:          2       0       0       0       0
      Totals:         4       5       0       0       0
Total ram usage:        9 bytes
 Hardware stack levels used:    1
 Hardware stack levels required when called:    1
 This function calls:
		___wmul
		_eeprom_read
 This function is called by:
		_main
 This function uses a non-reentrant model


 *************** function _eeprom_read *****************
 Defined at:
		line 6 in file "C:\Program Files\Microchip\xc8\v1.44\sources\pic\eeread.c"
 Parameters:    Size  Location     Type
  addr            1    wreg     unsigned char 
 Auto vars:     Size  Location     Type
  addr            1    1[COMMON] unsigned char 
 Return value:  Size  Location     Type
                  1    wreg      unsigned char 
 Registers used:
		wreg, status,2, status,0
 Tracked objects:
		On entry : 
		On exit  : 
		Unchanged: 
 Data sizes:     COMMON   BANK0   BANK1   BANK3   BANK2
      Params:         0       0       0       0       0
      Locals:         1       0       0       0       0
      Temps:          1       0       0       0       0
      Totals:         2       0       0       0       0
Total ram usage:        2 bytes
 Hardware stack levels used:    1
 This function calls:
		Nothing
 This function is called by:
		_Read_EEPROM
 This function uses a non-reentrant model


 *************** function ___wmul *****************
 Defined at:
		line 15 in file "C:\Program Files\Microchip\xc8\v1.44\sources\common\Umul16.c"
 Parameters:    Size  Location     Type
  multiplier      2    0[COMMON] unsigned int 
  multiplicand    2    2[COMMON] unsigned int 
 Auto vars:     Size  Location     Type
  product         2    4[COMMON] unsigned int 
 Return value:  Size  Location     Type
                  2    0[COMMON] unsigned int 
 Registers used:
		wreg, status,2, status,0
 Tracked objects:
		On entry : 
		On exit  : 
		Unchanged: 
 Data sizes:     COMMON   BANK0   BANK1   BANK3   BANK2
      Params:         4       0       0       0       0
      Locals:         2       0       0       0       0
      Temps:          0       0       0       0       0
      Totals:         6       0       0       0       0
Total ram usage:        6 bytes
 Hardware stack levels used:    1
 This function calls:
		Nothing
 This function is called by:
		_Read_EEPROM
 This function uses a non-reentrant model


 *************** function _Lcd_Write_String *****************
 Defined at:
		line 150 in file "mainbrew.c"
 Parameters:    Size  Location     Type
  a               1    wreg     PTR const unsigned char 
		 -> STR_20(8), STR_19(5), STR_18(2), STR_17(13), 
		 -> STR_16(2), STR_15(14), STR_14(14), STR_13(2), 
		 -> STR_12(14), STR_11(14), STR_10(14), STR_9(14), 
		 -> STR_8(13), STR_7(15), STR_6(15), STR_5(17), 
		 -> STR_4(17), STR_3(17), STR_2(13), STR_1(12), 
 Auto vars:     Size  Location     Type
  a               1    7[COMMON] PTR const unsigned char 
		 -> STR_20(8), STR_19(5), STR_18(2), STR_17(13), 
		 -> STR_16(2), STR_15(14), STR_14(14), STR_13(2), 
		 -> STR_12(14), STR_11(14), STR_10(14), STR_9(14), 
		 -> STR_8(13), STR_7(15), STR_6(15), STR_5(17), 
		 -> STR_4(17), STR_3(17), STR_2(13), STR_1(12), 
  i               2    5[COMMON] int 
 Return value:  Size  Location     Type
                  1    wreg      void 
 Registers used:
		wreg, fsr0l, fsr0h, status,2, status,0, pclath, cstack
 Tracked objects:
		On entry : 
		On exit  : 
		Unchanged: 
 Data sizes:     COMMON   BANK0   BANK1   BANK3   BANK2
      Params:         0       0       0       0       0
      Locals:         3       0       0       0       0
      Temps:          0       0       0       0       0
      Totals:         3       0       0       0       0
Total ram usage:        3 bytes
 Hardware stack levels used:    1
 Hardware stack levels required when called:    2
 This function calls:
		_Lcd_Write_Char
 This function is called by:
		_main
		_relaystatus
 This function uses a non-reentrant model


 *************** function _Lcd_Write_Char *****************
 Defined at:
		line 134 in file "mainbrew.c"
 Parameters:    Size  Location     Type
  a               1    wreg     unsigned char 
 Auto vars:     Size  Location     Type
  a               1    4[COMMON] unsigned char 
  y               1    3[COMMON] unsigned char 
  temp            1    2[COMMON] unsigned char 
 Return value:  Size  Location     Type
                  1    wreg      void 
 Registers used:
		wreg, status,2, status,0, pclath, cstack
 Tracked objects:
		On entry : 
		On exit  : 
		Unchanged: 
 Data sizes:     COMMON   BANK0   BANK1   BANK3   BANK2
      Params:         0       0       0       0       0
      Locals:         3       0       0       0       0
      Temps:          1       0       0       0       0
      Totals:         4       0       0       0       0
Total ram usage:        4 bytes
 Hardware stack levels used:    1
 Hardware stack levels required when called:    1
 This function calls:
		_Lcd_Port
 This function is called by:
		_Lcd_Write_String
		_lcddisplay
		_main
 This function uses a non-reentrant model


 *************** function _Lcd_Set_Cursor *****************
 Defined at:
		line 94 in file "mainbrew.c"
 Parameters:    Size  Location     Type
  a               1    wreg     unsigned char 
  b               1    4[COMMON] unsigned char 
 Auto vars:     Size  Location     Type
  a               1    7[COMMON] unsigned char 
  temp            1   10[COMMON] unsigned char 
  y               1    9[COMMON] unsigned char 
  z               1    8[COMMON] unsigned char 
 Return value:  Size  Location     Type
                  1    wreg      void 
 Registers used:
		wreg, status,2, status,0, pclath, cstack
 Tracked objects:
		On entry : 
		On exit  : 
		Unchanged: 
 Data sizes:     COMMON   BANK0   BANK1   BANK3   BANK2
      Params:         1       0       0       0       0
      Locals:         4       0       0       0       0
      Temps:          2       0       0       0       0
      Totals:         7       0       0       0       0
Total ram usage:        7 bytes
 Hardware stack levels used:    1
 Hardware stack levels required when called:    2
 This function calls:
		_Lcd_Cmd
 This function is called by:
		_main
 This function uses a non-reentrant model


 *************** function _Lcd_Init *****************
 Defined at:
		line 115 in file "mainbrew.c"
 Parameters:    Size  Location     Type
		None
 Auto vars:     Size  Location     Type
		None
 Return value:  Size  Location     Type
                  1    wreg      void 
 Registers used:
		wreg, status,2, status,0, pclath, cstack
 Tracked objects:
		On entry : 
		On exit  : 
		Unchanged: 
 Data sizes:     COMMON   BANK0   BANK1   BANK3   BANK2
      Params:         0       0       0       0       0
      Locals:         0       0       0       0       0
      Temps:          2       0       0       0       0
      Totals:         2       0       0       0       0
Total ram usage:        2 bytes
 Hardware stack levels used:    1
 Hardware stack levels required when called:    2
 This function calls:
		_Lcd_Cmd
		_Lcd_Port
 This function is called by:
		_main
 This function uses a non-reentrant model


 *************** function _Lcd_Clear *****************
 Defined at:
		line 88 in file "mainbrew.c"
 Parameters:    Size  Location     Type
		None
 Auto vars:     Size  Location     Type
		None
 Return value:  Size  Location     Type
                  1    wreg      void 
 Registers used:
		wreg, status,2, status,0, pclath, cstack
 Tracked objects:
		On entry : 
		On exit  : 
		Unchanged: 
 Data sizes:     COMMON   BANK0   BANK1   BANK3   BANK2
      Params:         0       0       0       0       0
      Locals:         0       0       0       0       0
      Temps:          0       0       0       0       0
      Totals:         0       0       0       0       0
Total ram usage:        0 bytes
 Hardware stack levels used:    1
 Hardware stack levels required when called:    2
 This function calls:
		_Lcd_Cmd
 This function is called by:
		_main
		_relaystatus
 This function uses a non-reentrant model


 *************** function _Lcd_Cmd *****************
 Defined at:
		line 79 in file "mainbrew.c"
 Parameters:    Size  Location     Type
  a               1    wreg     unsigned char 
 Auto vars:     Size  Location     Type
  a               1    3[COMMON] unsigned char 
 Return value:  Size  Location     Type
                  1    wreg      void 
 Registers used:
		wreg, status,2, status,0, pclath, cstack
 Tracked objects:
		On entry : 
		On exit  : 
		Unchanged: 
 Data sizes:     COMMON   BANK0   BANK1   BANK3   BANK2
      Params:         0       0       0       0       0
      Locals:         1       0       0       0       0
      Temps:          2       0       0       0       0
      Totals:         3       0       0       0       0
Total ram usage:        3 bytes
 Hardware stack levels used:    1
 Hardware stack levels required when called:    1
 This function calls:
		_Lcd_Port
 This function is called by:
		_Lcd_Clear
		_Lcd_Set_Cursor
		_Lcd_Init
 This function uses a non-reentrant model


 *************** function _Lcd_Port *****************
 Defined at:
		line 57 in file "mainbrew.c"
 Parameters:    Size  Location     Type
  a               1    wreg     unsigned char 
 Auto vars:     Size  Location     Type
  a               1    0[COMMON] unsigned char 
 Return value:  Size  Location     Type
                  1    wreg      void 
 Registers used:
		wreg
 Tracked objects:
		On entry : 
		On exit  : 
		Unchanged: 
 Data sizes:     COMMON   BANK0   BANK1   BANK3   BANK2
      Params:         0       0       0       0       0
      Locals:         1       0       0       0       0
      Temps:          0       0       0       0       0
      Totals:         1       0       0       0       0
Total ram usage:        1 bytes
 Hardware stack levels used:    1
 This function calls:
		Nothing
 This function is called by:
		_Lcd_Cmd
		_Lcd_Init
		_Lcd_Write_Char
 This function uses a non-reentrant model



MODULE INFORMATION

Module		Function		Class		Link	Load	Size
C:\Program Files\Microchip\xc8\v1.44\sources\common\Umul16.c
		___wmul        		CODE           	0F40	0000	34

C:\Program Files\Microchip\xc8\v1.44\sources\common\Umul16.c estimated size: 34

C:\Program Files\Microchip\xc8\v1.44\sources\common\lwdiv.c
		___lwdiv       		CODE           	01AD	0000	61

C:\Program Files\Microchip\xc8\v1.44\sources\common\lwdiv.c estimated size: 61

shared
		__stringtab    		STRING         	0003	0000	7
		__initialization		CODE           	07FC	0000	1

shared estimated size: 8

mainbrew.c
		_checktemp     		CODE           	0325	0000	92
		_Lcd_Write_String		CODE           	0F61	0000	35
		_reset         		CODE           	0F83	0000	38
		_Lcd_Init      		CODE           	02CA	0000	92
		_Lcd_Write_Char		CODE           	013D	0000	56
		_read          		CODE           	00D6	0000	52
		_main          		CODE           	0380	0000	1149
		_Lcd_Cmd       		CODE           	0F26	0000	27
		_Read_EEPROM   		CODE           	0174	0000	58
		_Write_EEPROM  		CODE           	0109	0000	53
		_Lcd_Set_Cursor		CODE           	0226	0000	75
		_Lcd_Clear     		CODE           	0F01	0000	12
		_write         		CODE           	01E9	0000	62
		_Lcd_Port      		CODE           	0F0C	0000	27
		_lcddisplay    		CODE           	0270	0000	91

mainbrew.c estimated size: 1919

C:\Program Files\Microchip\xc8\v1.44\sources\pic\eewrite.c
		_eeprom_write  		CODE           	0FA8	0000	39

C:\Program Files\Microchip\xc8\v1.44\sources\pic\eewrite.c estimated size: 39

C:\Program Files\Microchip\xc8\v1.44\sources\common\lwmod.c
		___lwmod       		CODE           	0FCE	0000	51

C:\Program Files\Microchip\xc8\v1.44\sources\common\lwmod.c estimated size: 51

C:\Program Files\Microchip\xc8\v1.44\sources\pic\eeread.c
		_eeprom_read   		CODE           	00BB	0000	28

C:\Program Files\Microchip\xc8\v1.44\sources\pic\eeread.c estimated size: 28

