Microchip MPLAB XC8 Compiler V1.44 ()

Linker command line:

--edf=C:\Program Files\Microchip\xc8\v1.44\dat\en_msgs.txt -cs \
  -h+dist/default/production\onewirelcd.X.production.sym \
  --cmf=dist/default/production\onewirelcd.X.production.cmf -z -Q16F676 \
  -oC:\Users\admin\AppData\Local\Temp\s6d8.2 \
  -Mdist/default/production/onewirelcd.X.production.map -E1 -ver=XC8 \
  -ASTACK=056h-05dh -pstack=STACK -ACODE=00h-03FEh -ASTRCODE=00h-03FEh \
  -ASTRING=00h-0FFhx3,0300h-03FEh -ACONST=00h-0FFhx3,0300h-03FEh \
  -AENTRY=00h-0FFhx3,0300h-03FEh -ABANK0=020h-05Dh -ARAM=020h-05Dh \
  -AABS1=020h-05Fh -ACOMMON=05Eh-05Fh -ASFR0=00h-01Fh -ASFR1=080h-0DDh \
  -preset_vec=00h,intentry,init,end_init -ppowerup=CODE -pcinit=CODE \
  -pfunctab=ENTRY -ACONFIG=02007h-02007h -pconfig=CONFIG -DCONFIG=2 \
  -AIDLOC=02000h-02003h -pidloc=IDLOC -DIDLOC=2 -AEEDATA=00h-07Fh/02100h \
  -peeprom_data=EEDATA -DEEDATA=2 -posccal=03FFh -DCODE=2 -DSTRCODE=2 \
  -DSTRING=2 -DCONST=2 -DENTRY=2 -k \
  C:\Users\admin\AppData\Local\Temp\s6d8.obj \
  dist/default/production\onewirelcd.X.production.obj 

Object code version is 3.11

Machine type is 16F676



                Name                               Link     Load   Length Selector   Space Scale
C:\Users\admin\AppData\Local\Temp\s6d8.obj
                end_init                              0        0        1        0       0
                config                             2007     2007        1     400E       0
dist/default/production\onewirelcd.X.production.obj
                cinit                               3F8      3F8        7      7F0       0
                eeprom_data                           0     2100        8     4200       3
                text16                               65       65        B       CA       0
                text15                              260      260       4C      4C0       0
                text14                              39E      39E       5A      73C       0
                text13                              2F9      2F9       52      5F2       0
                text12                              34B      34B       53      696       0
                text11                               D2       D2       31      1A4       0
                text10                               82       82       14      104       0
                text9                                70       70       12       E0       0
                text8                               103      103       31      206       0
                text7                                AF       AF       23      15E       0
                text6                               167      167       3A      2CE       0
                text5                               21E      21E       42      43C       0
                text4                                96       96       19      12C       0
                text3                               1A1      1A1       3D      342       0
                text2                               134      134       33      268       0
                text1                               1DE      1DE       40      3BC       0
                maintext                            2AC      2AC       4D      558       0
                cstackBANK0                          20       20       22       20       1
                clrtext                              5D       5D        8       BA       0
                bssBANK0                             42       42       14       20       1
                strings                               1        1       13        2       0

TOTAL           Name                               Link     Load   Length     Space
        CLASS   STACK          

        CLASS   CODE           
                end_init                              0        0        1         0
                cinit                               3F8      3F8        7         0
                text16                               65       65        B         0
                text15                              260      260       4C         0
                text14                              39E      39E       5A         0
                text13                              2F9      2F9       52         0
                text12                              34B      34B       53         0
                text11                               D2       D2       31         0
                text10                               82       82       14         0
                text9                                70       70       12         0
                text8                               103      103       31         0
                text7                                AF       AF       23         0
                text6                               167      167       3A         0
                text5                               21E      21E       42         0
                text4                                96       96       19         0
                text3                               1A1      1A1       3D         0
                text2                               134      134       33         0
                text1                               1DE      1DE       40         0
                maintext                            2AC      2AC       4D         0
                clrtext                              5D       5D        8         0

        CLASS   STRCODE        

        CLASS   STRING         
                strings                               1        1       13         0

        CLASS   CONST          

        CLASS   ENTRY          

        CLASS   BANK0          
                cstackBANK0                          20       20       22         1
                bssBANK0                             42       42       14         1

        CLASS   RAM            

        CLASS   ABS1           
                abs_s1                               5E       5E        2         1

        CLASS   COMMON         

        CLASS   SFR0           

        CLASS   SFR1           

        CLASS   CONFIG         
                config                             2007     2007        1         0

        CLASS   IDLOC          

        CLASS   EEDATA         
                eeprom_data                           0     2100        8         3

        CLASS   BANK1          



SEGMENTS        Name                           Load    Length   Top    Selector   Space  Class     Delta

                reset_vec                      000000  000001  000001         0       0  CODE        2
                strings                        000001  000013  000014         2       0  STRING      2
                cstackBANK0                    000020  000036  000056        20       1  BANK0       1
                clrtext                        00005D  000008  000065        BA       0  CODE        2
                text16                         000065  00000B  000070        CA       0  CODE        2
                text9                          000070  000012  000082        E0       0  CODE        2
                text10                         000082  000014  000096       104       0  CODE        2
                text4                          000096  000019  0000AF       12C       0  CODE        2
                text7                          0000AF  000023  0000D2       15E       0  CODE        2
                text11                         0000D2  000031  000103       1A4       0  CODE        2
                text8                          000103  000031  000134       206       0  CODE        2
                text2                          000134  000033  000167       268       0  CODE        2
                text6                          000167  00003A  0001A1       2CE       0  CODE        2
                text3                          0001A1  00003D  0001DE       342       0  CODE        2
                text1                          0001DE  000040  00021E       3BC       0  CODE        2
                text5                          00021E  000042  000260       43C       0  CODE        2
                text15                         000260  00004C  0002AC       4C0       0  CODE        2
                maintext                       0002AC  00004D  0002F9       558       0  CODE        2
                text13                         0002F9  000052  00034B       5F2       0  CODE        2
                text12                         00034B  000053  00039E       696       0  CODE        2
                text14                         00039E  00005A  0003F8       73C       0  CODE        2
                cinit                          0003F8  000007  0003FF       7F0       0  CODE        2
                config                         002007  000001  002008      400E       0  CONFIG      2
                eeprom_data                    002100  000008  002108      4200       3  EEDATA      2


UNUSED ADDRESS RANGES

        Name                Unused          Largest block    Delta
        BANK0            0056-005D              8           1
        CODE             0014-005C             49           2
        CONST            0014-005C             49           2
        EEDATA           2108-217F             78           2
        ENTRY            0014-005C             49           2
        IDLOC            2000-2003              4           2
        RAM              0056-005D              8           1
        SFR0             0000-001F             20           1
        SFR1             0080-00DD             5E           1
        STACK            0056-005D              8           1
        STRCODE          0014-005C             49           2
        STRING           0014-005C             49           2

                                  Symbol Table

?___awdiv                  cstackBANK0  0020
?___lwdiv                  cstackBANK0  0020
?___lwmod                  cstackBANK0  0020
?_checktemp                cstackBANK0  0024
Lcd_Write_String@a         cstackBANK0  0037
Lcd_Write_String@col       cstackBANK0  0035
Lcd_Write_String@i         cstackBANK0  0039
Lcd_Write_String@row       cstackBANK0  0033
Serial_LCD_Chr@LCDChar     cstackBANK0  0030
Serial_LCD_Chr@col         cstackBANK0  002E
Serial_LCD_Chr@row         cstackBANK0  002C
Serial_LCD_Cmd@Command     cstackBANK0  002B
Write_Nibble@N             cstackBANK0  0020
_ANSEL                     (abs)        0091
_CMCON                     (abs)        0019
_Delay_50ms                text16       0065
_EEADR                     (abs)        009B
_EECON1                    (abs)        009C
_EEDATA                    (abs)        009A
_Flag                      bssBANK0     0044
_High_Nibble               bssBANK0     0052
_Lcd_Write_String          text11       00D2
_Low_Nibble                bssBANK0     0054
_Mask                      bssBANK0     004C
_RA1                       (abs)        0029
_RC0                       (abs)        0038
_RC2                       (abs)        003A
_RC5                       (abs)        003D
_RD                        (abs)        04E0
_RS                        bssBANK0     0046
_Serial_LCD_Chr            text12       034B
_Serial_LCD_Cmd            text13       02F9
_Serial_LCD_Init           text10       0082
_TRISA1                    (abs)        0429
_TRISA2                    (abs)        042A
_TRISA3                    (abs)        042B
_TRISC                     (abs)        0087
_WR                        (abs)        04E1
_Write_Nibble              text15       0260
__Beeprom_data             eeprom_data  2100
__CFG_BOREN$ON             (abs)        0000
__CFG_CP$OFF               (abs)        0000
__CFG_CPD$OFF              (abs)        0000
__CFG_FOSC$INTRCIO         (abs)        0000
__CFG_MCLRE$OFF            (abs)        0000
__CFG_PWRTE$OFF            (abs)        0000
__CFG_WDTE$OFF             (abs)        0000
__Habs1                    abs1         07FE
__Hbank0                   bank0        07FE
__Hbank1                   bank1        07FE
__HbssBANK0                bssBANK0     07FE
__Hcinit                   cinit        03FF
__Hclrtext                 clrtext      07FE
__Hcode                    code         07FE
__Hcommon                  common       07FE
__Hconfig                  config       2008
__HcstackBANK0             cstackBANK0  07FE
__HcstackCOMMON            cstackCOMMON 07FE
__Heeprom_data             eeprom_data  0008
__Hend_init                end_init     0001
__Hfunctab                 functab      0000
__Hidloc                   idloc        0000
__Hinit                    init         0000
__Hintentry                intentry     0000
__Hmaintext                maintext     07FE
__Hosccal                  osccal       03FF
__Hpowerup                 powerup      0000
__Hram                     ram          07FE
__Hreset_vec               reset_vec    0000
__Hsfr0                    sfr0         07FE
__Hsfr1                    sfr1         07FE
__Hspace_0                 (abs)        2008
__Hspace_1                 (abs)        07FE
__Hspace_2                 (abs)        0000
__Hspace_3                 (abs)        0008
__Hstack                   stack        0000
__Hstrings                 strings      07FE
__Htext                    text         07FE
__Labs1                    abs1         07FE
__Lbank0                   bank0        07FE
__Lbank1                   bank1        07FE
__LbssBANK0                bssBANK0     07FE
__Lcinit                   cinit        03F8
__Lclrtext                 clrtext      07FE
__Lcode                    code         07FE
__Lcommon                  common       07FE
__Lconfig                  config       2007
__LcstackBANK0             cstackBANK0  07FE
__LcstackCOMMON            cstackCOMMON 07FE
__Leeprom_data             eeprom_data  0000
__Lend_init                end_init     0000
__Lfunctab                 functab      0000
__Lidloc                   idloc        0000
__Linit                    init         0000
__Lintentry                intentry     0000
__Lmaintext                maintext     07FE
__Losccal                  osccal       03FF
__Lpowerup                 powerup      0000
__Lram                     ram          07FE
__Lreset_vec               reset_vec    0000
__Lsfr0                    sfr0         07FE
__Lsfr1                    sfr1         07FE
__Lspace_0                 (abs)        0000
__Lspace_1                 (abs)        0000
__Lspace_2                 (abs)        0000
__Lspace_3                 (abs)        0000
__Lstack                   stack        0000
__Lstrings                 strings      07FE
__Ltext                    text         07FE
__S0                       (abs)        2008
__S1                       (abs)        0056
__S2                       (abs)        0000
__S3                       (abs)        2108
___awdiv                   text14       039E
___awdiv@counter           cstackBANK0  0025
___awdiv@dividend          cstackBANK0  0022
___awdiv@divisor           cstackBANK0  0020
___awdiv@quotient          cstackBANK0  0027
___awdiv@sign              cstackBANK0  0026
___bmul                    text9        0070
___bmul@multiplicand       cstackBANK0  0020
___bmul@multiplier         cstackBANK0  0023
___bmul@product            cstackBANK0  0022
___int_sp                  stack        0000
___latbits                 (abs)        0000
___lwdiv                   text3        01A1
___lwdiv@counter           cstackBANK0  0027
___lwdiv@dividend          cstackBANK0  0022
___lwdiv@divisor           cstackBANK0  0020
___lwdiv@quotient          cstackBANK0  0025
___lwmod                   text2        0134
___lwmod@counter           cstackBANK0  0025
___lwmod@dividend          cstackBANK0  0022
___lwmod@divisor           cstackBANK0  0020
___osccal_val              osccal       03FF
___sp                      stack        0000
__end_of_Delay_50ms        text16       0070
__end_of_Lcd_Write_String  text11       0103
__end_of_Serial_LCD_Chr    text12       039E
__end_of_Serial_LCD_Cmd    text13       034B
__end_of_Serial_LCD_Init   text10       0096
__end_of_Write_Nibble      text15       02AC
__end_of___awdiv           text14       03F8
__end_of___bmul            text9        0082
__end_of___lwdiv           text3        01DE
__end_of___lwmod           text2        0167
__end_of__initialization   cinit        03FD
__end_of__stringtab        strings      0007
__end_of_checktemp         text5        0260
__end_of_eeprom_read       text4        00AF
__end_of_lcddisplay        text1        021E
__end_of_main              maintext     02F9
__end_of_read              text8        0134
__end_of_reset             text7        00D2
__end_of_write             text6        01A1
__initialization           cinit        03F8
__pbssBANK0                bssBANK0     0042
__pcstackBANK0             cstackBANK0  0020
__pcstackCOMMON            cstackCOMMON 0000
__pmaintext                maintext     02AC
__pstrings                 strings      0001
__ptext1                   text1        01DE
__ptext10                  text10       0082
__ptext11                  text11       00D2
__ptext12                  text12       034B
__ptext13                  text13       02F9
__ptext14                  text14       039E
__ptext15                  text15       0260
__ptext16                  text16       0065
__ptext2                   text2        0134
__ptext3                   text3        01A1
__ptext4                   text4        0096
__ptext5                   text5        021E
__ptext6                   text6        0167
__ptext7                   text7        00AF
__ptext8                   text8        0103
__ptext9                   text9        0070
__size_of_Delay_50ms       (abs)        0000
__size_of_Lcd_Write_String (abs)        0000
__size_of_Serial_LCD_Chr   (abs)        0000
__size_of_Serial_LCD_Cmd   (abs)        0000
__size_of_Serial_LCD_Init  (abs)        0000
__size_of_Write_Nibble     (abs)        0000
__size_of___awdiv          (abs)        0000
__size_of___bmul           (abs)        0000
__size_of___lwdiv          (abs)        0000
__size_of___lwmod          (abs)        0000
__size_of_checktemp        (abs)        0000
__size_of_eeprom_read      (abs)        0000
__size_of_lcddisplay       (abs)        0000
__size_of_main             (abs)        0000
__size_of_read             (abs)        0000
__size_of_reset            (abs)        0000
__size_of_write            (abs)        0000
__stringbase               strings      0006
__stringtab                strings      0001
_checktemp                 text5        021E
_eeprom_read               text4        0096
_lcddisplay                text1        01DE
_main                      maintext     02AC
_read                      text8        0103
_reset                     text7        00AF
_t                         bssBANK0     0048
_write                     text6        0167
btemp                      (abs)        005E
checktemp@temp             cstackBANK0  002C
checktemp@tempH            cstackBANK0  002A
checktemp@tempL            cstackBANK0  0028
clear_ram0                 clrtext      005D
eeprom_read@addr           cstackBANK0  0021
end_of_initialization      cinit        03FD
intlevel0                  functab      0000
intlevel1                  functab      0000
intlevel2                  functab      0000
intlevel3                  functab      0000
intlevel4                  functab      0000
intlevel5                  functab      0000
lcddisplay@col             cstackBANK0  0035
lcddisplay@num             cstackBANK0  0037
lcddisplay@row             cstackBANK0  0033
main@b1                    cstackBANK0  0040
main@b2                    cstackBANK0  0041
main@storedval             cstackBANK0  003D
main@tempval               cstackBANK0  003E
read@i                     cstackBANK0  0023
read@result                cstackBANK0  0022
reset_vec                  reset_vec    0000
stackhi                    (abs)        0000
stacklo                    (abs)        0000
start                      init         0000
start_initialization       cinit        03F8
write@Cmd                  cstackBANK0  0022
write@WRT                  cstackBANK0  0021
write@i                    cstackBANK0  0023
wtemp0                     (abs)        005E


FUNCTION INFORMATION:

 *************** function _main *****************
 Defined at:
		line 269 in file "newmain.c"
 Parameters:    Size  Location     Type
		None
 Auto vars:     Size  Location     Type
  tempval         2   30[BANK0 ] int 
  b2              1   33[BANK0 ] unsigned char 
  b1              1   32[BANK0 ] unsigned char 
  storedval       1   29[BANK0 ] unsigned char 
 Return value:  Size  Location     Type
                  1    wreg      void 
 Registers used:
		wreg, fsr0l, fsr0h, status,2, status,0, pclath, cstack
 Tracked objects:
		On entry : 
		On exit  : 
		Unchanged: 
 Data sizes:     COMMON   BANK0
      Params:         0       0
      Locals:         0       5
      Temps:          0       2
      Totals:         0       7
Total ram usage:        7 bytes
 Hardware stack levels required when called:    4
 This function calls:
		_Lcd_Write_String
		_Serial_LCD_Cmd
		_Serial_LCD_Init
		___bmul
		_checktemp
		_eeprom_read
		_lcddisplay
 This function is called by:
		Startup code after reset
 This function uses a non-reentrant model


 *************** function _lcddisplay *****************
 Defined at:
		line 154 in file "newmain.c"
 Parameters:    Size  Location     Type
  row             2   19[BANK0 ] unsigned int 
  col             2   21[BANK0 ] unsigned int 
  num             2   23[BANK0 ] unsigned int 
 Auto vars:     Size  Location     Type
		None
 Return value:  Size  Location     Type
                  1    wreg      void 
 Registers used:
		wreg, fsr0l, fsr0h, status,2, status,0, pclath, cstack
 Tracked objects:
		On entry : 
		On exit  : 
		Unchanged: 
 Data sizes:     COMMON   BANK0
      Params:         0       6
      Locals:         0       0
      Temps:          0       1
      Totals:         0       7
Total ram usage:        7 bytes
 Hardware stack levels used:    1
 Hardware stack levels required when called:    3
 This function calls:
		_Serial_LCD_Chr
		___lwdiv
		___lwmod
 This function is called by:
		_main
 This function uses a non-reentrant model


 *************** function ___lwmod *****************
 Defined at:
		line 6 in file "C:\Program Files\Microchip\xc8\v1.44\sources\common\lwmod.c"
 Parameters:    Size  Location     Type
  divisor         2    0[BANK0 ] unsigned int 
  dividend        2    2[BANK0 ] unsigned int 
 Auto vars:     Size  Location     Type
  counter         1    5[BANK0 ] unsigned char 
 Return value:  Size  Location     Type
                  2    0[BANK0 ] unsigned int 
 Registers used:
		wreg, status,2, status,0
 Tracked objects:
		On entry : 
		On exit  : 
		Unchanged: 
 Data sizes:     COMMON   BANK0
      Params:         0       4
      Locals:         0       1
      Temps:          0       1
      Totals:         0       6
Total ram usage:        6 bytes
 Hardware stack levels used:    1
 This function calls:
		Nothing
 This function is called by:
		_lcddisplay
 This function uses a non-reentrant model


 *************** function ___lwdiv *****************
 Defined at:
		line 6 in file "C:\Program Files\Microchip\xc8\v1.44\sources\common\lwdiv.c"
 Parameters:    Size  Location     Type
  divisor         2    0[BANK0 ] unsigned int 
  dividend        2    2[BANK0 ] unsigned int 
 Auto vars:     Size  Location     Type
  quotient        2    5[BANK0 ] unsigned int 
  counter         1    7[BANK0 ] unsigned char 
 Return value:  Size  Location     Type
                  2    0[BANK0 ] unsigned int 
 Registers used:
		wreg, status,2, status,0
 Tracked objects:
		On entry : 
		On exit  : 
		Unchanged: 
 Data sizes:     COMMON   BANK0
      Params:         0       4
      Locals:         0       3
      Temps:          0       1
      Totals:         0       8
Total ram usage:        8 bytes
 Hardware stack levels used:    1
 This function calls:
		Nothing
 This function is called by:
		_lcddisplay
 This function uses a non-reentrant model


 *************** function _eeprom_read *****************
 Defined at:
		line 6 in file "C:\Program Files\Microchip\xc8\v1.44\sources\pic\eeread.c"
 Parameters:    Size  Location     Type
  addr            1    wreg     unsigned char 
 Auto vars:     Size  Location     Type
  addr            1    1[BANK0 ] unsigned char 
 Return value:  Size  Location     Type
                  1    wreg      unsigned char 
 Registers used:
		wreg, status,2, status,0
 Tracked objects:
		On entry : 
		On exit  : 
		Unchanged: 
 Data sizes:     COMMON   BANK0
      Params:         0       0
      Locals:         0       1
      Temps:          0       1
      Totals:         0       2
Total ram usage:        2 bytes
 Hardware stack levels used:    1
 This function calls:
		Nothing
 This function is called by:
		_main
 This function uses a non-reentrant model


 *************** function _checktemp *****************
 Defined at:
		line 232 in file "newmain.c"
 Parameters:    Size  Location     Type
		None
 Auto vars:     Size  Location     Type
  temp            2   12[BANK0 ] unsigned int 
  tempH           2   10[BANK0 ] unsigned short 
  tempL           2    8[BANK0 ] unsigned short 
 Return value:  Size  Location     Type
                  2    4[BANK0 ] int 
 Registers used:
		wreg, status,2, status,0, pclath, cstack
 Tracked objects:
		On entry : 
		On exit  : 
		Unchanged: 
 Data sizes:     COMMON   BANK0
      Params:         0       2
      Locals:         0       6
      Temps:          0       2
      Totals:         0      10
Total ram usage:       10 bytes
 Hardware stack levels used:    1
 Hardware stack levels required when called:    1
 This function calls:
		_read
		_reset
		_write
 This function is called by:
		_main
 This function uses a non-reentrant model


 *************** function _write *****************
 Defined at:
		line 184 in file "newmain.c"
 Parameters:    Size  Location     Type
  WRT             1    wreg     unsigned char 
 Auto vars:     Size  Location     Type
  WRT             1    1[BANK0 ] unsigned char 
  i               1    3[BANK0 ] unsigned char 
  Cmd             1    2[BANK0 ] unsigned char 
 Return value:  Size  Location     Type
                  1    wreg      void 
 Registers used:
		wreg, status,2, status,0
 Tracked objects:
		On entry : 
		On exit  : 
		Unchanged: 
 Data sizes:     COMMON   BANK0
      Params:         0       0
      Locals:         0       3
      Temps:          0       1
      Totals:         0       4
Total ram usage:        4 bytes
 Hardware stack levels used:    1
 This function calls:
		Nothing
 This function is called by:
		_checktemp
 This function uses a non-reentrant model


 *************** function _reset *****************
 Defined at:
		line 162 in file "newmain.c"
 Parameters:    Size  Location     Type
		None
 Auto vars:     Size  Location     Type
		None
 Return value:  Size  Location     Type
                  1    wreg      unsigned char 
 Registers used:
		wreg
 Tracked objects:
		On entry : 
		On exit  : 
		Unchanged: 
 Data sizes:     COMMON   BANK0
      Params:         0       0
      Locals:         0       0
      Temps:          0       1
      Totals:         0       1
Total ram usage:        1 bytes
 Hardware stack levels used:    1
 This function calls:
		Nothing
 This function is called by:
		_checktemp
 This function uses a non-reentrant model


 *************** function _read *****************
 Defined at:
		line 214 in file "newmain.c"
 Parameters:    Size  Location     Type
		None
 Auto vars:     Size  Location     Type
  i               1    3[BANK0 ] unsigned char 
  result          1    2[BANK0 ] unsigned char 
 Return value:  Size  Location     Type
                  1    wreg      unsigned char 
 Registers used:
		wreg, status,2, status,0
 Tracked objects:
		On entry : 
		On exit  : 
		Unchanged: 
 Data sizes:     COMMON   BANK0
      Params:         0       0
      Locals:         0       2
      Temps:          0       2
      Totals:         0       4
Total ram usage:        4 bytes
 Hardware stack levels used:    1
 This function calls:
		Nothing
 This function is called by:
		_checktemp
 This function uses a non-reentrant model


 *************** function ___bmul *****************
 Defined at:
		line 4 in file "C:\Program Files\Microchip\xc8\v1.44\sources\common\Umul8.c"
 Parameters:    Size  Location     Type
  multiplier      1    wreg     unsigned char 
  multiplicand    1    0[BANK0 ] unsigned char 
 Auto vars:     Size  Location     Type
  multiplier      1    3[BANK0 ] unsigned char 
  product         1    2[BANK0 ] unsigned char 
 Return value:  Size  Location     Type
                  1    wreg      unsigned char 
 Registers used:
		wreg, status,2, status,0
 Tracked objects:
		On entry : 
		On exit  : 
		Unchanged: 
 Data sizes:     COMMON   BANK0
      Params:         0       1
      Locals:         0       2
      Temps:          0       1
      Totals:         0       4
Total ram usage:        4 bytes
 Hardware stack levels used:    1
 This function calls:
		Nothing
 This function is called by:
		_main
 This function uses a non-reentrant model


 *************** function _Serial_LCD_Init *****************
 Defined at:
		line 127 in file "newmain.c"
 Parameters:    Size  Location     Type
		None
 Auto vars:     Size  Location     Type
		None
 Return value:  Size  Location     Type
                  1    wreg      void 
 Registers used:
		wreg, status,2, status,0, pclath, cstack
 Tracked objects:
		On entry : 
		On exit  : 
		Unchanged: 
 Data sizes:     COMMON   BANK0
      Params:         0       0
      Locals:         0       0
      Temps:          0       0
      Totals:         0       0
Total ram usage:        0 bytes
 Hardware stack levels used:    1
 Hardware stack levels required when called:    2
 This function calls:
		_Delay_50ms
		_Serial_LCD_Cmd
 This function is called by:
		_main
 This function uses a non-reentrant model


 *************** function _Lcd_Write_String *****************
 Defined at:
		line 144 in file "newmain.c"
 Parameters:    Size  Location     Type
  row             2   19[BANK0 ] unsigned int 
  col             2   21[BANK0 ] unsigned int 
  a               1   23[BANK0 ] PTR unsigned char 
		 -> STR_1(13), 
 Auto vars:     Size  Location     Type
  i               2   25[BANK0 ] int 
 Return value:  Size  Location     Type
                  1    wreg      void 
 Registers used:
		wreg, fsr0l, fsr0h, status,2, status,0, pclath, cstack
 Tracked objects:
		On entry : 
		On exit  : 
		Unchanged: 
 Data sizes:     COMMON   BANK0
      Params:         0       5
      Locals:         0       2
      Temps:          0       1
      Totals:         0       8
Total ram usage:        8 bytes
 Hardware stack levels used:    1
 Hardware stack levels required when called:    3
 This function calls:
		_Serial_LCD_Chr
 This function is called by:
		_main
 This function uses a non-reentrant model


 *************** function _Serial_LCD_Chr *****************
 Defined at:
		line 100 in file "newmain.c"
 Parameters:    Size  Location     Type
  row             2   12[BANK0 ] unsigned int 
  col             2   14[BANK0 ] unsigned int 
  LCDChar         1   16[BANK0 ] unsigned char 
 Auto vars:     Size  Location     Type
		None
 Return value:  Size  Location     Type
                  1    wreg      void 
 Registers used:
		wreg, fsr0l, fsr0h, status,2, status,0, pclath, cstack
 Tracked objects:
		On entry : 
		On exit  : 
		Unchanged: 
 Data sizes:     COMMON   BANK0
      Params:         0       5
      Locals:         0       0
      Temps:          0       2
      Totals:         0       7
Total ram usage:        7 bytes
 Hardware stack levels used:    1
 Hardware stack levels required when called:    2
 This function calls:
		_Serial_LCD_Cmd
		_Write_Nibble
		___awdiv
 This function is called by:
		_Lcd_Write_String
		_lcddisplay
 This function uses a non-reentrant model


 *************** function _Serial_LCD_Cmd *****************
 Defined at:
		line 86 in file "newmain.c"
 Parameters:    Size  Location     Type
  Command         1    wreg     unsigned char 
 Auto vars:     Size  Location     Type
  Command         1   11[BANK0 ] unsigned char 
 Return value:  Size  Location     Type
                  1    wreg      void 
 Registers used:
		wreg, status,2, status,0, pclath, cstack
 Tracked objects:
		On entry : 
		On exit  : 
		Unchanged: 
 Data sizes:     COMMON   BANK0
      Params:         0       0
      Locals:         0       1
      Temps:          0       2
      Totals:         0       3
Total ram usage:        3 bytes
 Hardware stack levels used:    1
 Hardware stack levels required when called:    1
 This function calls:
		_Delay_50ms
		_Write_Nibble
		___awdiv
 This function is called by:
		_Serial_LCD_Chr
		_Serial_LCD_Init
		_main
 This function uses a non-reentrant model


 *************** function ___awdiv *****************
 Defined at:
		line 6 in file "C:\Program Files\Microchip\xc8\v1.44\sources\common\awdiv.c"
 Parameters:    Size  Location     Type
  divisor         2    0[BANK0 ] int 
  dividend        2    2[BANK0 ] int 
 Auto vars:     Size  Location     Type
  quotient        2    7[BANK0 ] int 
  sign            1    6[BANK0 ] unsigned char 
  counter         1    5[BANK0 ] unsigned char 
 Return value:  Size  Location     Type
                  2    0[BANK0 ] int 
 Registers used:
		wreg, status,2, status,0
 Tracked objects:
		On entry : 
		On exit  : 
		Unchanged: 
 Data sizes:     COMMON   BANK0
      Params:         0       4
      Locals:         0       4
      Temps:          0       1
      Totals:         0       9
Total ram usage:        9 bytes
 Hardware stack levels used:    1
 This function calls:
		Nothing
 This function is called by:
		_Serial_LCD_Cmd
		_Serial_LCD_Chr
 This function uses a non-reentrant model


 *************** function _Write_Nibble *****************
 Defined at:
		line 58 in file "newmain.c"
 Parameters:    Size  Location     Type
  N               2    0[BANK0 ] unsigned short 
 Auto vars:     Size  Location     Type
		None
 Return value:  Size  Location     Type
                  1    wreg      void 
 Registers used:
		wreg, status,2, status,0
 Tracked objects:
		On entry : 
		On exit  : 
		Unchanged: 
 Data sizes:     COMMON   BANK0
      Params:         0       2
      Locals:         0       0
      Temps:          0       2
      Totals:         0       4
Total ram usage:        4 bytes
 Hardware stack levels used:    1
 This function calls:
		Nothing
 This function is called by:
		_Serial_LCD_Cmd
		_Serial_LCD_Chr
 This function uses a non-reentrant model


 *************** function _Delay_50ms *****************
 Defined at:
		line 54 in file "newmain.c"
 Parameters:    Size  Location     Type
		None
 Auto vars:     Size  Location     Type
		None
 Return value:  Size  Location     Type
                  1    wreg      void 
 Registers used:
		wreg
 Tracked objects:
		On entry : 
		On exit  : 
		Unchanged: 
 Data sizes:     COMMON   BANK0
      Params:         0       0
      Locals:         0       0
      Temps:          0       2
      Totals:         0       2
Total ram usage:        2 bytes
 Hardware stack levels used:    1
 This function calls:
		Nothing
 This function is called by:
		_Serial_LCD_Cmd
		_Serial_LCD_Init
 This function uses a non-reentrant model



MODULE INFORMATION

Module		Function		Class		Link	Load	Size
C:\Program Files\Microchip\xc8\v1.44\sources\common\lwdiv.c
		___lwdiv       		CODE           	01A1	0000	62

C:\Program Files\Microchip\xc8\v1.44\sources\common\lwdiv.c estimated size: 62

C:\Program Files\Microchip\xc8\v1.44\sources\common\Umul8.c
		___bmul        		CODE           	0070	0000	19

C:\Program Files\Microchip\xc8\v1.44\sources\common\Umul8.c estimated size: 19

C:\Program Files\Microchip\xc8\v1.44\sources\common\awdiv.c
		___awdiv       		CODE           	039E	0000	91

C:\Program Files\Microchip\xc8\v1.44\sources\common\awdiv.c estimated size: 91

newmain.c
		_checktemp     		CODE           	021E	0000	67
		_Lcd_Write_String		CODE           	00D2	0000	50
		_reset         		CODE           	00AF	0000	36
		_read          		CODE           	0103	0000	50
		_main          		CODE           	02AC	0000	78
		_Serial_LCD_Cmd		CODE           	02F9	0000	83
		_Serial_LCD_Chr		CODE           	034B	0000	84
		_write         		CODE           	0167	0000	59
		_Write_Nibble  		CODE           	0260	0000	77
		_Serial_LCD_Init		CODE           	0082	0000	21
		_Delay_50ms    		CODE           	0065	0000	12
		_lcddisplay    		CODE           	01DE	0000	65

newmain.c estimated size: 682

shared
		__stringtab    		STRING         	0001	0000	7
		__initialization		CODE           	03F8	0000	6

shared estimated size: 13

C:\Program Files\Microchip\xc8\v1.44\sources\common\lwmod.c
		___lwmod       		CODE           	0134	0000	52

C:\Program Files\Microchip\xc8\v1.44\sources\common\lwmod.c estimated size: 52

C:\Program Files\Microchip\xc8\v1.44\sources\pic\eeread.c
		_eeprom_read   		CODE           	0096	0000	26

C:\Program Files\Microchip\xc8\v1.44\sources\pic\eeread.c estimated size: 26

