Microchip MPLAB XC8 Compiler V1.44 ()

Linker command line:

--edf=C:\Program Files\Microchip\xc8\v1.44\dat\en_msgs.txt -cs \
  -h+dist/default/production\finalsensortemp.X.production.sym \
  --cmf=dist/default/production\finalsensortemp.X.production.cmf -z -w9 \
  --disl=596:off --norlf -Q16F676 \
  -oC:\Users\admin\AppData\Local\Temp\splk.2 \
  -Mdist/default/production/finalsensortemp.X.production.map -E1 -ver=XC8 \
  -ACODE=00h-03FFh -ASTRCODE=00h-03FFh -ASTRING=00h-0FFhx4 \
  -ACONST=00h-0FFhx4 -AENTRY=00h-0FFhx4 -ABANK0=020h-05Dh -ARAM=020h-05Dh \
  -AABS1=020h-05Fh -ACOMMON=05Eh-05Fh -ASFR0=00h-01Fh -ASFR1=080h-0DDh \
  -preset_vec=00h,intentry,init,end_init -ppowerup=CODE -pcinit=CODE \
  -pfunctab=ENTRY -ACONFIG=02007h-02007h -pconfig=CONFIG -DCONFIG=2 \
  -AIDLOC=02000h-02003h -pidloc=IDLOC -DIDLOC=2 -AEEDATA=00h-07Fh/02100h \
  -peeprom_data=EEDATA -DEEDATA=2 -posccal=03FFh -DCODE=2 -DSTRCODE=2 \
  -DSTRING=2 -DCONST=2 -DENTRY=2 -k \
  C:\Users\admin\AppData\Local\Temp\splk.obj \
  dist/default/production\finalsensortemp.X.production.obj 

Object code version is 3.11

Machine type is 16F676



                Name                               Link     Load   Length Selector   Space Scale
C:\Users\admin\AppData\Local\Temp\splk.obj
                end_init                              0        0        2        0       0
dist/default/production\finalsensortemp.X.production.obj
                cinit                               3FE      3FE        2      7FC       0
                text14                              3FF      3FF       17        0       0
                text13                              416      416       12        0       0
                text12                              428      428        5        0       0
                text11                               D4       D4       34      1A8       0
                text10                              142      142       42      284       0
                text9                               42D      42D       2A        0       0
                text8                               457      457       18        0       0
                text7                                A3       A3       31      146       0
                text6                               46F      46F       23        0       0
                text5                               108      108       3A      210       0
                text4                               184      184       42      308       0
                text3                               212      212       5A      424       0
                text2                               1C6      1C6       4C      38C       0
                text1                                86       86       1D      10C       0
                maintext                            26C      26C      192      4D8       0
                cstackBANK0                          20       20       27       20       1
                strings                               2        2       83        4       0

TOTAL           Name                               Link     Load   Length     Space
        CLASS   CODE           
                end_init                              0        0        2         0
                cinit                               3FE      3FE        2         0
                text14                              3FF      3FF       17         0
                text13                              416      416       12         0
                text12                              428      428        5         0
                text11                               D4       D4       34         0
                text10                              142      142       42         0
                text9                               42D      42D       2A         0
                text8                               457      457       18         0
                text7                                A3       A3       31         0
                text6                               46F      46F       23         0
                text5                               108      108       3A         0
                text4                               184      184       42         0
                text3                               212      212       5A         0
                text2                               1C6      1C6       4C         0
                text1                                86       86       1D         0
                maintext                            26C      26C      192         0

        CLASS   STRCODE        

        CLASS   STRING         
                strings                               2        2       83         0

        CLASS   CONST          

        CLASS   ENTRY          

        CLASS   BANK0          
                cstackBANK0                          20       20       27         1

        CLASS   RAM            

        CLASS   ABS1           
                abs_s1                               5E       5E        2         1

        CLASS   COMMON         

        CLASS   SFR0           

        CLASS   SFR1           

        CLASS   CONFIG         

        CLASS   IDLOC          

        CLASS   EEDATA         

        CLASS   BANK1          

        CLASS   STACK          



SEGMENTS        Name                           Load    Length   Top    Selector   Space  Class     Delta

                reset_vec                      000000  000002  000002         0       0  CODE        2
                strings                        000002  000083  000085         4       0  STRING      2
                cstackBANK0                    000020  000027  000047        20       1  BANK0       1
                text1                          000086  00001D  0000A3       10C       0  CODE        2
                text7                          0000A3  000031  0000D4       146       0  CODE        2
                text11                         0000D4  000034  000108       1A8       0  CODE        2
                text5                          000108  00003A  000142       210       0  CODE        2
                text10                         000142  000042  000184       284       0  CODE        2
                text4                          000184  000042  0001C6       308       0  CODE        2
                text2                          0001C6  00004C  000212       38C       0  CODE        2
                text3                          000212  00005A  00026C       424       0  CODE        2
                maintext                       00026C  000192  0003FE       4D8       0  CODE        2
                cinit                          0003FE  000002  000400       7FC       0  CODE        2


UNUSED ADDRESS RANGES

        Name                Unused          Largest block    Delta
        BANK0            047-05D            17           1
        CODE             085-085             1           2
        CONFIG           2007-2007             1           2
        CONST            085-085             1           2
        EEDATA           2100-217F            80           2
        ENTRY            085-085             1           2
        IDLOC            2000-2003             4           2
        RAM              047-05D            17           1
        SFR0             000-01F            20           1
        SFR1             080-0DD            5E           1
        STRCODE          085-085             1           2
        STRING           085-085             1           2

                                  Symbol Table

__CFG_BOREN$OFF            (abs)        000
__CFG_CP$OFF               (abs)        000
__CFG_CPD$OFF              (abs)        000
__CFG_FOSC$INTRCIO         (abs)        000
__CFG_MCLRE$OFF            (abs)        000
__CFG_PWRTE$ON             (abs)        000
__CFG_WDTE$OFF             (abs)        000
__Hconfig                  config       000
__Heeprom_data             eeprom_data  000
__Hfunctab                 functab      000
__Hidloc                   idloc        000
__Hinit                    init         000
__Hintentry                intentry     000
__Hpowerup                 powerup      000
__Hreset_vec               reset_vec    000
__Hspace_3                 (abs)        000
__Lconfig                  config       000
__Leeprom_data             eeprom_data  000
__Lend_init                end_init     000
__Lfunctab                 functab      000
__Lidloc                   idloc        000
__Linit                    init         000
__Lintentry                intentry     000
__Lpowerup                 powerup      000
__Lreset_vec               reset_vec    000
__Lspace_0                 (abs)        000
__Lspace_1                 (abs)        000
__Lspace_2                 (abs)        000
__Lspace_3                 (abs)        000
__S3                       (abs)        000
___latbits                 (abs)        000
__pcstackCOMMON            cstackCOMMON 000
__size_of_Lcd_Clear        (abs)        000
__size_of_Lcd_Cmd          (abs)        000
__size_of_Lcd_Init         (abs)        000
__size_of_Lcd_Port         (abs)        000
__size_of_Lcd_Set_Cursor   (abs)        000
__size_of_Lcd_Write_Char   (abs)        000
__size_of_Lcd_Write_String (abs)        000
__size_of___awdiv          (abs)        000
__size_of___awmod          (abs)        000
__size_of_checktemp        (abs)        000
__size_of_lcddisplay       (abs)        000
__size_of_main             (abs)        000
__size_of_read             (abs)        000
__size_of_reset            (abs)        000
__size_of_write            (abs)        000
intlevel0                  functab      000
intlevel1                  functab      000
intlevel2                  functab      000
intlevel3                  functab      000
intlevel4                  functab      000
intlevel5                  functab      000
reset_vec                  reset_vec    000
stackhi                    (abs)        000
stacklo                    (abs)        000
start                      init         000
__Hend_init                end_init     002
__pstrings                 strings      002
__stringtab                strings      002
__stringbase               strings      007
__end_of__stringtab        strings      008
_CMCON                     (abs)        019
?___awdiv                  cstackBANK0  020
?___awmod                  cstackBANK0  020
Lcd_Port@a                 cstackBANK0  020
___awdiv@divisor           cstackBANK0  020
___awmod@divisor           cstackBANK0  020
__pcstackBANK0             cstackBANK0  020
write@WRT                  cstackBANK0  021
Lcd_Write_Char@temp        cstackBANK0  022
___awdiv@dividend          cstackBANK0  022
___awmod@dividend          cstackBANK0  022
read@result                cstackBANK0  022
write@Cmd                  cstackBANK0  022
Lcd_Cmd@a                  cstackBANK0  023
Lcd_Write_Char@y           cstackBANK0  023
read@i                     cstackBANK0  023
write@i                    cstackBANK0  023
?_checktemp                cstackBANK0  024
Lcd_Set_Cursor@b           cstackBANK0  024
Lcd_Write_Char@a           cstackBANK0  024
Lcd_Write_String@i         cstackBANK0  025
___awdiv@counter           cstackBANK0  025
___awmod@counter           cstackBANK0  025
___awdiv@sign              cstackBANK0  026
___awmod@sign              cstackBANK0  026
Lcd_Set_Cursor@a           cstackBANK0  027
Lcd_Write_String@a         cstackBANK0  027
___awdiv@quotient          cstackBANK0  027
Lcd_Set_Cursor@z           cstackBANK0  028
_RA0                       (abs)        028
checktemp@tempL            cstackBANK0  028
Lcd_Set_Cursor@y           cstackBANK0  029
_RA1                       (abs)        029
lcddisplay@data            cstackBANK0  029
Lcd_Set_Cursor@temp        cstackBANK0  02A
_RA2                       (abs)        02A
checktemp@tempH            cstackBANK0  02A
_RA4                       (abs)        02C
checktemp@temp             cstackBANK0  02C
_RA5                       (abs)        02D
main@tempL                 cstackBANK0  031
main@tempH                 cstackBANK0  033
main@temp                  cstackBANK0  035
main@b                     cstackBANK0  037
_RC0                       (abs)        038
_RC1                       (abs)        039
main@c                     cstackBANK0  039
_RC2                       (abs)        03A
_RC3                       (abs)        03B
main@curs                  cstackBANK0  03B
_RC4                       (abs)        03C
main@c_115                 cstackBANK0  03D
main@tempval               cstackBANK0  03F
main@highval               cstackBANK0  041
main@lowval                cstackBANK0  043
main@switchsel             cstackBANK0  045
__S1                       (abs)        047
btemp                      (abs)        05E
wtemp0                     (abs)        05E
_TRISC                     (abs)        087
_ANSEL                     (abs)        091
__ptext1                   text1        086
_lcddisplay                text1        086
__end_of_lcddisplay        text1        0A3
__ptext7                   text7        0A3
_read                      text7        0A3
_Lcd_Init                  text11       0D4
__end_of_read              text7        0D4
__ptext11                  text11       0D4
__end_of_Lcd_Init          text11       108
__ptext5                   text5        108
_write                     text5        108
_Lcd_Set_Cursor            text10       142
__end_of_write             text5        142
__ptext10                  text10       142
__end_of_Lcd_Set_Cursor    text10       184
__ptext4                   text4        184
_checktemp                 text4        184
___awmod                   text2        1C6
__end_of_checktemp         text4        1C6
__ptext2                   text2        1C6
__S0                       (abs)        400
___awdiv                   text3        212
__end_of___awmod           text2        212
__ptext3                   text3        212
_TRISA0                    (abs)        428
_TRISA1                    (abs)        429
_TRISA2                    (abs)        42A
_TRISA3                    (abs)        42B
_TRISA4                    (abs)        42C
_TRISA5                    (abs)        42D
__end_of___awdiv           text3        26C
__pmaintext                maintext     26C
_main                      maintext     26C
__Lcinit                   cinit        3FE
__end_of__initialization   cinit        3FE
__end_of_main              maintext     3FE
__initialization           cinit        3FE
end_of_initialization      cinit        3FE
start_initialization       cinit        3FE
_Lcd_Port                  text14       3FF
__Habs1                    abs1         7FE
__Hbank0                   bank0        7FE
__Hbank1                   bank1        7FE
__Hclrtext                 clrtext      7FE
__Hcode                    code         7FE
__Hcommon                  common       7FE
__Hmaintext                maintext     7FE
__Hosccal                  osccal       3FF
__Hram                     ram          7FE
__Hsfr0                    sfr0         7FE
__Hsfr1                    sfr1         7FE
__Hspace_1                 (abs)        7FE
__Hspace_2                 (abs)        7FE
__Hstack                   stack        7FE
__Hstrings                 strings      7FE
__Htext                    text         7FE
__Labs1                    abs1         7FE
__Lbank0                   bank0        7FE
__Lbank1                   bank1        7FE
__Lclrtext                 clrtext      7FE
__Lcode                    code         7FE
__Lcommon                  common       7FE
__Lmaintext                maintext     7FE
__Losccal                  osccal       3FF
__Lram                     ram          7FE
__Lsfr0                    sfr0         7FE
__Lsfr1                    sfr1         7FE
__Lstack                   stack        7FE
__Lstrings                 strings      7FE
__Ltext                    text         7FE
___int_sp                  stack        7FE
___osccal_val              osccal       3FF
___sp                      stack        7FE
__ptext14                  text14       3FF
__Hcinit                   cinit        400
_Lcd_Cmd                   text13       416
__end_of_Lcd_Port          text14       416
__ptext13                  text13       416
_Lcd_Clear                 text12       428
__end_of_Lcd_Cmd           text13       428
__ptext12                  text12       428
_Lcd_Write_Char            text9        42D
__end_of_Lcd_Clear         text12       42D
__ptext9                   text9        42D
_Lcd_Write_String          text8        457
__end_of_Lcd_Write_Char    text9        457
__ptext8                   text8        457
__end_of_Lcd_Write_String  text8        46F
__ptext6                   text6        46F
_reset                     text6        46F
__HcstackBANK0             cstackBANK0  924
__HcstackCOMMON            cstackCOMMON 924
__Hspace_0                 (abs)        924
__LcstackBANK0             cstackBANK0  924
__LcstackCOMMON            cstackCOMMON 924
__end_of_reset             text6        492
