Microchip MPLAB XC8 Compiler V1.44 ()

Linker command line:

--edf=C:\Program Files\Microchip\xc8\v1.44\dat\en_msgs.txt -cs \
  -h+dist/default/production\onewirelcd.X.production.sym \
  --cmf=dist/default/production\onewirelcd.X.production.cmf -z -Q16F676 \
  -oC:\Users\admin\AppData\Local\Temp\s10kk.2 \
  -Mdist/default/production/onewirelcd.X.production.map -E1 -ver=XC8 \
  -ASTACK=054h-05dh -pstack=STACK -ACODE=00h-03FEh -ASTRCODE=00h-03FEh \
  -ASTRING=00h-0FFhx3,0300h-03FEh -ACONST=00h-0FFhx3,0300h-03FEh \
  -AENTRY=00h-0FFhx3,0300h-03FEh -ABANK0=020h-05Dh -ARAM=020h-05Dh \
  -AABS1=020h-05Fh -ACOMMON=05Eh-05Fh -ASFR0=00h-01Fh -ASFR1=080h-0DDh \
  -preset_vec=00h,intentry,init,end_init -ppowerup=CODE -pcinit=CODE \
  -pfunctab=ENTRY -ACONFIG=02007h-02007h -pconfig=CONFIG -DCONFIG=2 \
  -AIDLOC=02000h-02003h -pidloc=IDLOC -DIDLOC=2 -AEEDATA=00h-07Fh/02100h \
  -peeprom_data=EEDATA -DEEDATA=2 -posccal=03FFh -DCODE=2 -DSTRCODE=2 \
  -DSTRING=2 -DCONST=2 -DENTRY=2 -k \
  C:\Users\admin\AppData\Local\Temp\s10kk.obj \
  dist/default/production\onewirelcd.X.production.obj 

Object code version is 3.11

Machine type is 16F676



                Name                               Link     Load   Length Selector   Space Scale
C:\Users\admin\AppData\Local\Temp\s10kk.obj
                end_init                              0        0        1        0       0
                config                             2007     2007        1     400E       0
dist/default/production\onewirelcd.X.production.obj
                cinit                               3F8      3F8        7      7F0       0
                text10                              165      165        B      2CA       0
                text9                               2AD      2AD       4C      55A       0
                text8                               39E      39E       5A      73C       0
                text7                               2F9      2F9       52      5F2       0
                text6                               34B      34B       53      696       0
                text5                               184      184       31      308       0
                text4                               170      170       14      2E0       0
                text3                               1E8      1E8       3D      3D0       0
                text2                               1B5      1B5       33      36A       0
                text1                               225      225       40      44A       0
                maintext                            265      265       48      4CA       0
                cstackBANK0                          20       20       20       20       1
                clrtext                             15D      15D        8      2BA       0
                bssBANK0                             40       40       14       20       1
                strings                               1        1        E        2       0

TOTAL           Name                               Link     Load   Length     Space
        CLASS   STACK          

        CLASS   CODE           
                end_init                              0        0        1         0
                cinit                               3F8      3F8        7         0
                text10                              165      165        B         0
                text9                               2AD      2AD       4C         0
                text8                               39E      39E       5A         0
                text7                               2F9      2F9       52         0
                text6                               34B      34B       53         0
                text5                               184      184       31         0
                text4                               170      170       14         0
                text3                               1E8      1E8       3D         0
                text2                               1B5      1B5       33         0
                text1                               225      225       40         0
                maintext                            265      265       48         0
                clrtext                             15D      15D        8         0

        CLASS   STRCODE        

        CLASS   STRING         
                strings                               1        1        E         0

        CLASS   CONST          

        CLASS   ENTRY          

        CLASS   BANK0          
                cstackBANK0                          20       20       20         1
                bssBANK0                             40       40       14         1

        CLASS   RAM            

        CLASS   ABS1           
                abs_s1                               5E       5E        2         1

        CLASS   COMMON         

        CLASS   SFR0           

        CLASS   SFR1           

        CLASS   CONFIG         
                config                             2007     2007        1         0

        CLASS   IDLOC          

        CLASS   EEDATA         

        CLASS   BANK1          



SEGMENTS        Name                           Load    Length   Top    Selector   Space  Class     Delta

                reset_vec                      000000  000001  000001         0       0  CODE        2
                strings                        000001  00000E  00000F         2       0  STRING      2
                cstackBANK0                    000020  000034  000054        20       1  BANK0       1
                clrtext                        00015D  000008  000165       2BA       0  CODE        2
                text10                         000165  00000B  000170       2CA       0  CODE        2
                text4                          000170  000014  000184       2E0       0  CODE        2
                text5                          000184  000031  0001B5       308       0  CODE        2
                text2                          0001B5  000033  0001E8       36A       0  CODE        2
                text3                          0001E8  00003D  000225       3D0       0  CODE        2
                text1                          000225  000040  000265       44A       0  CODE        2
                maintext                       000265  000048  0002AD       4CA       0  CODE        2
                text9                          0002AD  00004C  0002F9       55A       0  CODE        2
                text7                          0002F9  000052  00034B       5F2       0  CODE        2
                text6                          00034B  000053  00039E       696       0  CODE        2
                text8                          00039E  00005A  0003F8       73C       0  CODE        2
                cinit                          0003F8  000007  0003FF       7F0       0  CODE        2
                config                         002007  000001  002008      400E       0  CONFIG      2


UNUSED ADDRESS RANGES

        Name                Unused          Largest block    Delta
        BANK0            0054-005D              A           1
        CODE             000F-015C            14E           2
        CONST            000F-015C             F1           2
        EEDATA           2100-217F             80           2
        ENTRY            000F-015C             F1           2
        IDLOC            2000-2003              4           2
        RAM              0054-005D              A           1
        SFR0             0000-001F             20           1
        SFR1             0080-00DD             5E           1
        STACK            0054-005D              A           1
        STRCODE          000F-015C            14E           2
        STRING           000F-015C             F1           2

                                  Symbol Table

?___awdiv                  cstackBANK0  0020
?___lwdiv                  cstackBANK0  0020
?___lwmod                  cstackBANK0  0020
Lcd_Write_String@a         cstackBANK0  0037
Lcd_Write_String@col       cstackBANK0  0035
Lcd_Write_String@i         cstackBANK0  0039
Lcd_Write_String@row       cstackBANK0  0033
Serial_LCD_Chr@LCDChar     cstackBANK0  0030
Serial_LCD_Chr@col         cstackBANK0  002E
Serial_LCD_Chr@row         cstackBANK0  002C
Serial_LCD_Cmd@Command     cstackBANK0  002B
Write_Nibble@N             cstackBANK0  0020
_ANSEL                     (abs)        0091
_Delay_50ms                text10       0165
_Flag                      bssBANK0     0042
_High_Nibble               bssBANK0     0050
_Lcd_Write_String          text5        0184
_Low_Nibble                bssBANK0     0052
_Mask                      bssBANK0     004A
_RC0                       (abs)        0038
_RC2                       (abs)        003A
_RC5                       (abs)        003D
_RS                        bssBANK0     0044
_Serial_LCD_Chr            text6        034B
_Serial_LCD_Cmd            text7        02F9
_Serial_LCD_Init           text4        0170
_TRISC                     (abs)        0087
_Write_Nibble              text9        02AD
__CFG_BOREN$ON             (abs)        0000
__CFG_CP$OFF               (abs)        0000
__CFG_CPD$OFF              (abs)        0000
__CFG_FOSC$INTRCIO         (abs)        0000
__CFG_MCLRE$OFF            (abs)        0000
__CFG_PWRTE$OFF            (abs)        0000
__CFG_WDTE$OFF             (abs)        0000
__Habs1                    abs1         07FE
__Hbank0                   bank0        07FE
__Hbank1                   bank1        07FE
__HbssBANK0                bssBANK0     07FE
__Hcinit                   cinit        03FF
__Hclrtext                 clrtext      07FE
__Hcode                    code         07FE
__Hcommon                  common       07FE
__Hconfig                  config       2008
__HcstackBANK0             cstackBANK0  07FE
__HcstackCOMMON            cstackCOMMON 07FE
__Heeprom_data             eeprom_data  0000
__Hend_init                end_init     0001
__Hfunctab                 functab      0000
__Hidloc                   idloc        0000
__Hinit                    init         0000
__Hintentry                intentry     0000
__Hmaintext                maintext     07FE
__Hosccal                  osccal       03FF
__Hpowerup                 powerup      0000
__Hram                     ram          07FE
__Hreset_vec               reset_vec    0000
__Hsfr0                    sfr0         07FE
__Hsfr1                    sfr1         07FE
__Hspace_0                 (abs)        2008
__Hspace_1                 (abs)        07FE
__Hspace_2                 (abs)        0000
__Hspace_3                 (abs)        0000
__Hstack                   stack        0000
__Hstrings                 strings      07FE
__Htext                    text         07FE
__Labs1                    abs1         07FE
__Lbank0                   bank0        07FE
__Lbank1                   bank1        07FE
__LbssBANK0                bssBANK0     07FE
__Lcinit                   cinit        03F8
__Lclrtext                 clrtext      07FE
__Lcode                    code         07FE
__Lcommon                  common       07FE
__Lconfig                  config       2007
__LcstackBANK0             cstackBANK0  07FE
__LcstackCOMMON            cstackCOMMON 07FE
__Leeprom_data             eeprom_data  0000
__Lend_init                end_init     0000
__Lfunctab                 functab      0000
__Lidloc                   idloc        0000
__Linit                    init         0000
__Lintentry                intentry     0000
__Lmaintext                maintext     07FE
__Losccal                  osccal       03FF
__Lpowerup                 powerup      0000
__Lram                     ram          07FE
__Lreset_vec               reset_vec    0000
__Lsfr0                    sfr0         07FE
__Lsfr1                    sfr1         07FE
__Lspace_0                 (abs)        0000
__Lspace_1                 (abs)        0000
__Lspace_2                 (abs)        0000
__Lspace_3                 (abs)        0000
__Lstack                   stack        0000
__Lstrings                 strings      07FE
__Ltext                    text         07FE
__S0                       (abs)        2008
__S1                       (abs)        0054
__S2                       (abs)        0000
__S3                       (abs)        0000
___awdiv                   text8        039E
___awdiv@counter           cstackBANK0  0025
___awdiv@dividend          cstackBANK0  0022
___awdiv@divisor           cstackBANK0  0020
___awdiv@quotient          cstackBANK0  0027
___awdiv@sign              cstackBANK0  0026
___int_sp                  stack        0000
___latbits                 (abs)        0000
___lwdiv                   text3        01E8
___lwdiv@counter           cstackBANK0  0027
___lwdiv@dividend          cstackBANK0  0022
___lwdiv@divisor           cstackBANK0  0020
___lwdiv@quotient          cstackBANK0  0025
___lwmod                   text2        01B5
___lwmod@counter           cstackBANK0  0025
___lwmod@dividend          cstackBANK0  0022
___lwmod@divisor           cstackBANK0  0020
___osccal_val              osccal       03FF
___sp                      stack        0000
__end_of_Delay_50ms        text10       0170
__end_of_Lcd_Write_String  text5        01B5
__end_of_Serial_LCD_Chr    text6        039E
__end_of_Serial_LCD_Cmd    text7        034B
__end_of_Serial_LCD_Init   text4        0184
__end_of_Write_Nibble      text9        02F9
__end_of___awdiv           text8        03F8
__end_of___lwdiv           text3        0225
__end_of___lwmod           text2        01E8
__end_of__initialization   cinit        03FD
__end_of__stringtab        strings      0007
__end_of_lcddisplay        text1        0265
__end_of_main              maintext     02AD
__initialization           cinit        03F8
__pbssBANK0                bssBANK0     0040
__pcstackBANK0             cstackBANK0  0020
__pcstackCOMMON            cstackCOMMON 0000
__pmaintext                maintext     0265
__pstrings                 strings      0001
__ptext1                   text1        0225
__ptext10                  text10       0165
__ptext2                   text2        01B5
__ptext3                   text3        01E8
__ptext4                   text4        0170
__ptext5                   text5        0184
__ptext6                   text6        034B
__ptext7                   text7        02F9
__ptext8                   text8        039E
__ptext9                   text9        02AD
__size_of_Delay_50ms       (abs)        0000
__size_of_Lcd_Write_String (abs)        0000
__size_of_Serial_LCD_Chr   (abs)        0000
__size_of_Serial_LCD_Cmd   (abs)        0000
__size_of_Serial_LCD_Init  (abs)        0000
__size_of_Write_Nibble     (abs)        0000
__size_of___awdiv          (abs)        0000
__size_of___lwdiv          (abs)        0000
__size_of___lwmod          (abs)        0000
__size_of_lcddisplay       (abs)        0000
__size_of_main             (abs)        0000
__stringbase               strings      0006
__stringtab                strings      0001
_lcddisplay                text1        0225
_main                      maintext     0265
_t                         bssBANK0     0046
btemp                      (abs)        005E
clear_ram0                 clrtext      015D
end_of_initialization      cinit        03FD
intlevel0                  functab      0000
intlevel1                  functab      0000
intlevel2                  functab      0000
intlevel3                  functab      0000
intlevel4                  functab      0000
intlevel5                  functab      0000
lcddisplay@col             cstackBANK0  0035
lcddisplay@num             cstackBANK0  0037
lcddisplay@row             cstackBANK0  0033
main@i                     cstackBANK0  003E
reset_vec                  reset_vec    0000
stackhi                    (abs)        0000
stacklo                    (abs)        0000
start                      init         0000
start_initialization       cinit        03F8
wtemp0                     (abs)        005E


FUNCTION INFORMATION:

 *************** function _main *****************
 Defined at:
		line 170 in file "newmain.c"
 Parameters:    Size  Location     Type
		None
 Auto vars:     Size  Location     Type
  i               2   30[BANK0 ] int 
 Return value:  Size  Location     Type
                  1    wreg      void 
 Registers used:
		wreg, fsr0l, fsr0h, status,2, status,0, btemp+1, pclath, cstack
 Tracked objects:
		On entry : 
		On exit  : 
		Unchanged: 
 Data sizes:     COMMON   BANK0
      Params:         0       0
      Locals:         0       2
      Temps:          0       3
      Totals:         0       5
Total ram usage:        5 bytes
 Hardware stack levels required when called:    4
 This function calls:
		_Lcd_Write_String
		_Serial_LCD_Cmd
		_Serial_LCD_Init
		_lcddisplay
 This function is called by:
		Startup code after reset
 This function uses a non-reentrant model


 *************** function _lcddisplay *****************
 Defined at:
		line 158 in file "newmain.c"
 Parameters:    Size  Location     Type
  row             2   19[BANK0 ] unsigned int 
  col             2   21[BANK0 ] unsigned int 
  num             2   23[BANK0 ] unsigned int 
 Auto vars:     Size  Location     Type
		None
 Return value:  Size  Location     Type
                  1    wreg      void 
 Registers used:
		wreg, fsr0l, fsr0h, status,2, status,0, pclath, cstack
 Tracked objects:
		On entry : 
		On exit  : 
		Unchanged: 
 Data sizes:     COMMON   BANK0
      Params:         0       6
      Locals:         0       0
      Temps:          0       1
      Totals:         0       7
Total ram usage:        7 bytes
 Hardware stack levels used:    1
 Hardware stack levels required when called:    3
 This function calls:
		_Serial_LCD_Chr
		___lwdiv
		___lwmod
 This function is called by:
		_main
 This function uses a non-reentrant model


 *************** function ___lwmod *****************
 Defined at:
		line 6 in file "C:\Program Files\Microchip\xc8\v1.44\sources\common\lwmod.c"
 Parameters:    Size  Location     Type
  divisor         2    0[BANK0 ] unsigned int 
  dividend        2    2[BANK0 ] unsigned int 
 Auto vars:     Size  Location     Type
  counter         1    5[BANK0 ] unsigned char 
 Return value:  Size  Location     Type
                  2    0[BANK0 ] unsigned int 
 Registers used:
		wreg, status,2, status,0
 Tracked objects:
		On entry : 
		On exit  : 
		Unchanged: 
 Data sizes:     COMMON   BANK0
      Params:         0       4
      Locals:         0       1
      Temps:          0       1
      Totals:         0       6
Total ram usage:        6 bytes
 Hardware stack levels used:    1
 This function calls:
		Nothing
 This function is called by:
		_lcddisplay
 This function uses a non-reentrant model


 *************** function ___lwdiv *****************
 Defined at:
		line 6 in file "C:\Program Files\Microchip\xc8\v1.44\sources\common\lwdiv.c"
 Parameters:    Size  Location     Type
  divisor         2    0[BANK0 ] unsigned int 
  dividend        2    2[BANK0 ] unsigned int 
 Auto vars:     Size  Location     Type
  quotient        2    5[BANK0 ] unsigned int 
  counter         1    7[BANK0 ] unsigned char 
 Return value:  Size  Location     Type
                  2    0[BANK0 ] unsigned int 
 Registers used:
		wreg, status,2, status,0
 Tracked objects:
		On entry : 
		On exit  : 
		Unchanged: 
 Data sizes:     COMMON   BANK0
      Params:         0       4
      Locals:         0       3
      Temps:          0       1
      Totals:         0       8
Total ram usage:        8 bytes
 Hardware stack levels used:    1
 This function calls:
		Nothing
 This function is called by:
		_lcddisplay
 This function uses a non-reentrant model


 *************** function _Serial_LCD_Init *****************
 Defined at:
		line 131 in file "newmain.c"
 Parameters:    Size  Location     Type
		None
 Auto vars:     Size  Location     Type
		None
 Return value:  Size  Location     Type
                  1    wreg      void 
 Registers used:
		wreg, status,2, status,0, pclath, cstack
 Tracked objects:
		On entry : 
		On exit  : 
		Unchanged: 
 Data sizes:     COMMON   BANK0
      Params:         0       0
      Locals:         0       0
      Temps:          0       0
      Totals:         0       0
Total ram usage:        0 bytes
 Hardware stack levels used:    1
 Hardware stack levels required when called:    2
 This function calls:
		_Delay_50ms
		_Serial_LCD_Cmd
 This function is called by:
		_main
 This function uses a non-reentrant model


 *************** function _Lcd_Write_String *****************
 Defined at:
		line 148 in file "newmain.c"
 Parameters:    Size  Location     Type
  row             2   19[BANK0 ] unsigned int 
  col             2   21[BANK0 ] unsigned int 
  a               1   23[BANK0 ] PTR unsigned char 
		 -> STR_1(8), 
 Auto vars:     Size  Location     Type
  i               2   25[BANK0 ] int 
 Return value:  Size  Location     Type
                  1    wreg      void 
 Registers used:
		wreg, fsr0l, fsr0h, status,2, status,0, pclath, cstack
 Tracked objects:
		On entry : 
		On exit  : 
		Unchanged: 
 Data sizes:     COMMON   BANK0
      Params:         0       5
      Locals:         0       2
      Temps:          0       1
      Totals:         0       8
Total ram usage:        8 bytes
 Hardware stack levels used:    1
 Hardware stack levels required when called:    3
 This function calls:
		_Serial_LCD_Chr
 This function is called by:
		_main
 This function uses a non-reentrant model


 *************** function _Serial_LCD_Chr *****************
 Defined at:
		line 104 in file "newmain.c"
 Parameters:    Size  Location     Type
  row             2   12[BANK0 ] unsigned int 
  col             2   14[BANK0 ] unsigned int 
  LCDChar         1   16[BANK0 ] unsigned char 
 Auto vars:     Size  Location     Type
		None
 Return value:  Size  Location     Type
                  1    wreg      void 
 Registers used:
		wreg, fsr0l, fsr0h, status,2, status,0, pclath, cstack
 Tracked objects:
		On entry : 
		On exit  : 
		Unchanged: 
 Data sizes:     COMMON   BANK0
      Params:         0       5
      Locals:         0       0
      Temps:          0       2
      Totals:         0       7
Total ram usage:        7 bytes
 Hardware stack levels used:    1
 Hardware stack levels required when called:    2
 This function calls:
		_Serial_LCD_Cmd
		_Write_Nibble
		___awdiv
 This function is called by:
		_Lcd_Write_String
		_lcddisplay
 This function uses a non-reentrant model


 *************** function _Serial_LCD_Cmd *****************
 Defined at:
		line 90 in file "newmain.c"
 Parameters:    Size  Location     Type
  Command         1    wreg     unsigned char 
 Auto vars:     Size  Location     Type
  Command         1   11[BANK0 ] unsigned char 
 Return value:  Size  Location     Type
                  1    wreg      void 
 Registers used:
		wreg, status,2, status,0, pclath, cstack
 Tracked objects:
		On entry : 
		On exit  : 
		Unchanged: 
 Data sizes:     COMMON   BANK0
      Params:         0       0
      Locals:         0       1
      Temps:          0       2
      Totals:         0       3
Total ram usage:        3 bytes
 Hardware stack levels used:    1
 Hardware stack levels required when called:    1
 This function calls:
		_Delay_50ms
		_Write_Nibble
		___awdiv
 This function is called by:
		_Serial_LCD_Chr
		_Serial_LCD_Init
		_main
 This function uses a non-reentrant model


 *************** function ___awdiv *****************
 Defined at:
		line 6 in file "C:\Program Files\Microchip\xc8\v1.44\sources\common\awdiv.c"
 Parameters:    Size  Location     Type
  divisor         2    0[BANK0 ] int 
  dividend        2    2[BANK0 ] int 
 Auto vars:     Size  Location     Type
  quotient        2    7[BANK0 ] int 
  sign            1    6[BANK0 ] unsigned char 
  counter         1    5[BANK0 ] unsigned char 
 Return value:  Size  Location     Type
                  2    0[BANK0 ] int 
 Registers used:
		wreg, status,2, status,0
 Tracked objects:
		On entry : 
		On exit  : 
		Unchanged: 
 Data sizes:     COMMON   BANK0
      Params:         0       4
      Locals:         0       4
      Temps:          0       1
      Totals:         0       9
Total ram usage:        9 bytes
 Hardware stack levels used:    1
 This function calls:
		Nothing
 This function is called by:
		_Serial_LCD_Cmd
		_Serial_LCD_Chr
 This function uses a non-reentrant model


 *************** function _Write_Nibble *****************
 Defined at:
		line 62 in file "newmain.c"
 Parameters:    Size  Location     Type
  N               2    0[BANK0 ] unsigned short 
 Auto vars:     Size  Location     Type
		None
 Return value:  Size  Location     Type
                  1    wreg      void 
 Registers used:
		wreg, status,2, status,0
 Tracked objects:
		On entry : 
		On exit  : 
		Unchanged: 
 Data sizes:     COMMON   BANK0
      Params:         0       2
      Locals:         0       0
      Temps:          0       2
      Totals:         0       4
Total ram usage:        4 bytes
 Hardware stack levels used:    1
 This function calls:
		Nothing
 This function is called by:
		_Serial_LCD_Cmd
		_Serial_LCD_Chr
 This function uses a non-reentrant model


 *************** function _Delay_50ms *****************
 Defined at:
		line 58 in file "newmain.c"
 Parameters:    Size  Location     Type
		None
 Auto vars:     Size  Location     Type
		None
 Return value:  Size  Location     Type
                  1    wreg      void 
 Registers used:
		wreg
 Tracked objects:
		On entry : 
		On exit  : 
		Unchanged: 
 Data sizes:     COMMON   BANK0
      Params:         0       0
      Locals:         0       0
      Temps:          0       2
      Totals:         0       2
Total ram usage:        2 bytes
 Hardware stack levels used:    1
 This function calls:
		Nothing
 This function is called by:
		_Serial_LCD_Cmd
		_Serial_LCD_Init
 This function uses a non-reentrant model



MODULE INFORMATION

Module		Function		Class		Link	Load	Size
C:\Program Files\Microchip\xc8\v1.44\sources\common\lwdiv.c
		___lwdiv       		CODE           	01E8	0000	62

C:\Program Files\Microchip\xc8\v1.44\sources\common\lwdiv.c estimated size: 62

C:\Program Files\Microchip\xc8\v1.44\sources\common\awdiv.c
		___awdiv       		CODE           	039E	0000	91

C:\Program Files\Microchip\xc8\v1.44\sources\common\awdiv.c estimated size: 91

newmain.c
		_Lcd_Write_String		CODE           	0184	0000	50
		_main          		CODE           	0265	0000	73
		_Serial_LCD_Cmd		CODE           	02F9	0000	83
		_Serial_LCD_Chr		CODE           	034B	0000	84
		_Write_Nibble  		CODE           	02AD	0000	77
		_Serial_LCD_Init		CODE           	0170	0000	21
		_Delay_50ms    		CODE           	0165	0000	12
		_lcddisplay    		CODE           	0225	0000	65

newmain.c estimated size: 465

shared
		__stringtab    		STRING         	0001	0000	7
		__initialization		CODE           	03F8	0000	6

shared estimated size: 13

C:\Program Files\Microchip\xc8\v1.44\sources\common\lwmod.c
		___lwmod       		CODE           	01B5	0000	52

C:\Program Files\Microchip\xc8\v1.44\sources\common\lwmod.c estimated size: 52

